Archive member included to satisfy reference by file (symbol)

c:/devkitPro/libnds/lib\libmm9.a(mm_main9.o)
                              main.o (mmInitDefaultMem)
c:/devkitPro/libnds/lib\libmm9.a(mm_memory.o)
                              main.o (mmLoadEffect)
c:/devkitPro/libnds/lib\libmm9.a(mm_comms.o)
                              c:/devkitPro/libnds/lib\libmm9.a(mm_main9.o) (mmSetupComms)
c:/devkitPro/libnds/lib\libmm9.a(mm_flusher.o)
                              c:/devkitPro/libnds/lib\libmm9.a(mm_memory.o) (mmFlushBank)
c:/devkitPro/libnds/lib\libmm9.a(mm_soundbank.o)
                              c:/devkitPro/libnds/lib\libmm9.a(mm_main9.o) (mmSoundBankInMemory)
c:/devkitPro/libnds/lib\libnds9.a(video.o)
                              main.o (vramSetPrimaryBanks)
c:/devkitPro/libnds/lib\libnds9.a(touch.o)
                              main.o (touchRead)
c:/devkitPro/libnds/lib\libnds9.a(system.o)
                              main.o (powerOn)
c:/devkitPro/libnds/lib\libnds9.a(keys.o)
                              main.o (scanKeys)
c:/devkitPro/libnds/lib\libnds9.a(initSystem.o)
                              c:/devkitpro/devkitarm/bin/../lib/gcc/arm-none-eabi/6.3.0/../../../../arm-none-eabi/lib/ds_arm9_crt0.o (initSystem)
c:/devkitPro/libnds/lib\libnds9.a(timeSupport.o)
                              c:/devkitPro/libnds/lib\libnds9.a(initSystem.o) (__libnds_gtod)
c:/devkitPro/libnds/lib\libnds9.a(securearea.o)
                              c:/devkitpro/devkitarm/bin/../lib/gcc/arm-none-eabi/6.3.0/../../../../arm-none-eabi/lib/ds_arm9_crt0.o (__secure_area__)
c:/devkitPro/libnds/lib\libnds9.a(interrupts.o)
                              c:/devkitPro/libnds/lib\libnds9.a(initSystem.o) (irqInit)
c:/devkitPro/libnds/lib\libnds9.a(libnds_exit.arm.o)
                              c:/devkitpro/devkitarm/bin/../lib/gcc/arm-none-eabi/6.3.0/../../../../arm-none-eabi/lib/ds_arm9_crt0.o (__libnds_exit)
c:/devkitPro/libnds/lib\libnds9.a(fifosystem.o)
                              c:/devkitPro/libnds/lib\libmm9.a(mm_comms.o) (fifoSetValue32Handler)
c:/devkitPro/libnds/lib\libnds9.a(mpu_setup.o)
                              c:/devkitpro/devkitarm/bin/../lib/gcc/arm-none-eabi/6.3.0/../../../../arm-none-eabi/lib/ds_arm9_crt0.o (__libnds_mpu_setup)
c:/devkitPro/libnds/lib\libnds9.a(IntrWait.o)
                              main.o (swiWaitForVBlank)
c:/devkitPro/libnds/lib\libnds9.a(cpu_clock.o)
                              c:/devkitPro/libnds/lib\libnds9.a(initSystem.o) (setCpuClock)
c:/devkitPro/libnds/lib\libnds9.a(interruptDispatcher.o)
                              c:/devkitPro/libnds/lib\libnds9.a(interrupts.o) (IntrMain)
c:/devkitPro/libnds/lib\libnds9.a(swiSoftReset.o)
                              c:/devkitPro/libnds/lib\libnds9.a(fifosystem.o) (swiSoftReset)
c:/devkitPro/libnds/lib\libnds9.a(biosCalls.o)
                              c:/devkitPro/libnds/lib\libnds9.a(system.o) (swiDelay)
c:/devkitpro/devkitarm/bin/../lib/gcc/arm-none-eabi/6.3.0\libgcc.a(_divsi3.o)
                              main.o (__aeabi_idiv)
c:/devkitpro/devkitarm/bin/../lib/gcc/arm-none-eabi/6.3.0\libgcc.a(_dvmd_tls.o)
                              c:/devkitpro/devkitarm/bin/../lib/gcc/arm-none-eabi/6.3.0\libgcc.a(_divsi3.o) (__aeabi_idiv0)
c:/devkitpro/devkitarm/bin/../lib/gcc/arm-none-eabi/6.3.0/../../../../arm-none-eabi/lib\libg.a(lib_a-fclose.o)
                              c:/devkitPro/libnds/lib\libmm9.a(mm_main9.o) (fclose)
c:/devkitpro/devkitarm/bin/../lib/gcc/arm-none-eabi/6.3.0/../../../../arm-none-eabi/lib\libg.a(lib_a-fflush.o)
                              c:/devkitpro/devkitarm/bin/../lib/gcc/arm-none-eabi/6.3.0/../../../../arm-none-eabi/lib\libg.a(lib_a-fclose.o) (__sflush_r)
c:/devkitpro/devkitarm/bin/../lib/gcc/arm-none-eabi/6.3.0/../../../../arm-none-eabi/lib\libg.a(lib_a-findfp.o)
                              c:/devkitpro/devkitarm/bin/../lib/gcc/arm-none-eabi/6.3.0/../../../../arm-none-eabi/lib\libg.a(lib_a-fclose.o) (__sinit)
c:/devkitpro/devkitarm/bin/../lib/gcc/arm-none-eabi/6.3.0/../../../../arm-none-eabi/lib\libg.a(lib_a-fopen.o)
                              c:/devkitPro/libnds/lib\libmm9.a(mm_main9.o) (fopen)
c:/devkitpro/devkitarm/bin/../lib/gcc/arm-none-eabi/6.3.0/../../../../arm-none-eabi/lib\libg.a(lib_a-fread.o)
                              c:/devkitPro/libnds/lib\libmm9.a(mm_main9.o) (fread)
c:/devkitpro/devkitarm/bin/../lib/gcc/arm-none-eabi/6.3.0/../../../../arm-none-eabi/lib\libg.a(lib_a-freer.o)
                              c:/devkitpro/devkitarm/bin/../lib/gcc/arm-none-eabi/6.3.0/../../../../arm-none-eabi/lib\libg.a(lib_a-fclose.o) (_free_r)
c:/devkitpro/devkitarm/bin/../lib/gcc/arm-none-eabi/6.3.0/../../../../arm-none-eabi/lib\libg.a(lib_a-fseek.o)
                              c:/devkitpro/devkitarm/bin/../lib/gcc/arm-none-eabi/6.3.0/../../../../arm-none-eabi/lib\libg.a(lib_a-fopen.o) (_fseek_r)
[...]
Memory Configuration

Name             Origin             Length             Attributes
ewram            0x02000000         0x00380000
dtcm             0x0b000000         0x00004000
vectors          0x01000000         0x00000100
itcm             0x01000100         0x00007f00
*default*        0x00000000         0xffffffff

Linker script and memory map

                0x02380000                __ewram_end = (ORIGIN (ewram) + LENGTH (ewram))
                0x02380000                __eheap_end = (ORIGIN (ewram) + LENGTH (ewram))
                0x0b004000                __dtcm_top = (ORIGIN (dtcm) + LENGTH (dtcm))
                0x0b003ff8                __irq_flags = (__dtcm_top - 0x8)
                0x0b003ffc                __irq_vector = (__dtcm_top - 0x4)
                0x0b003f00                __sp_svc = (__dtcm_top - 0x100)
                0x0b003e00                __sp_irq = (__sp_svc - 0x100)
                0x0b003d00                __sp_usr = (__sp_irq - 0x100)

.secure         0x02000000      0x800
 *(.secure)
 .secure        0x02000000      0x800 c:/devkitPro/libnds/lib\libnds9.a(securearea.o)
                0x02000000                __secure_area__

.crt0           0x02000800      0x300
                0x02000800                __text_start = .
 *(.crt0)
 .crt0          0x02000800      0x300 c:/devkitpro/devkitarm/bin/../lib/gcc/arm-none-eabi/6.3.0/../../../../arm-none-eabi/lib/ds_arm9_crt0.o
                0x02000800                _start
                0x02000b00                . = ALIGN (0x4)

.plt
 *(.plt)

.init           0x02000b00       0x18
 *(SORT(.init))
 .init          0x02000b00        0xc c:/devkitpro/devkitarm/bin/../lib/gcc/arm-none-eabi/6.3.0/crti.o
                0x02000b00                _init
 .init          0x02000b0c        0xc c:/devkitpro/devkitarm/bin/../lib/gcc/arm-none-eabi/6.3.0/crtn.o

.text           0x02000b18    0x119f0
 *(EXCLUDE_FILE(*.twl* *.vectors* *.itcm*) .text)
 .text          0x02000b18     0x9848 main.o
                0x02000b18                sleepwait(int)
                0x02000b58                initVideo()
                0x02000b98                initBackgrounds()
                0x02000c28                displayselect_bg()
                0x02000c60                displayintro_bg()
                0x02000c98                displaycontrols_bg()
                0x02000cd0                displayhistory_bg()
                0x02000d08                displayoriginal_bg()
                0x02000d40                displaygame_bg()
                0x02000d78                display_jpeg(pngimg, int, int)
                0x02001558                display_score(int)
                0x02002cf8                update_score(int, int)
                0x02002d38                elevator_randomizer()
                0x02002d98                cart_randomizer()
                0x02002e24                display_mario(bool, int)
                0x020035d0                display_driver(int, int)
                0x02003b50                display_cement(int)
                0x02004158                display_overflow(int)
                0x02005170                display_valve(int, int)
                0x02006620                increase_fouls()
                0x02006a4c                display_elevator(int)
                0x02006e18                display_cart(int)
                0x02007ab0                move_elevator(int)
                0x02008120                move_cart(int)
                0x02009198                move_cement(int)
                0x02009528                signal_silofull()
                0x020095d0                check_action()
                0x0200a2b4                init_game()
 .text          0x0200a360      0x108 c:/devkitPro/libnds/lib\libmm9.a(mm_main9.o)
                0x0200a360                mmActive
                0x0200a366                mmSetEventHandler
                0x0200a36c                mmInit
                0x0200a396                mmInitDefault
                0x0200a3e0                mmInitDefaultMem
                0x0200a402                mmSuspendIRQ_t
                0x0200a420                mmRestoreIRQ_t
 .text          0x0200a468      0x120 c:/devkitPro/libnds/lib\libmm9.a(mm_memory.o)
                0x0200a468                mmLoad
                0x0200a4b8                mmUnload
                0x0200a510                mmLoadEffect
                0x0200a548                mmUnloadEffect
 .text          0x0200a588      0x24c c:/devkitPro/libnds/lib\libmm9.a(mm_comms.o)
                0x0200a588                mmSetupComms
                0x0200a5da                mmSendBank
                0x0200a5e4                mmLockChannels
                0x0200a5ea                mmUnlockChannels
                0x0200a5f0                mmStart
                0x0200a5fa                mmPause
                0x0200a5fe                mmResume
                0x0200a602                mmStop
                0x0200a606                mmPosition
                0x0200a60a                mmJingle
                0x0200a60e                mmSetModuleVolume
                0x0200a612                mmSetJingleVolume
                0x0200a616                mmSetModuleTempo
                0x0200a61a                mmSetModulePitch
                0x0200a61e                mmSetEffectsVolume
                0x0200a622                mmSelectMode
                0x0200a626                mmStreamBegin
                0x0200a63a                mmStreamEnd
                0x0200a690                mmEffect
                0x0200a6b4                mmEffectVolume
                0x0200a6b8                mmEffectPanning
                0x0200a6bc                mmEffectRate
                0x0200a6c6                mmEffectScaleRate
                0x0200a6d0                mmEffectRelease
                0x0200a6d6                mmEffectCancel
                0x0200a6dc                mmEffectEx
                0x0200a71a                mmEffectCancelAll
                0x0200a71e                mmReverbEnable
                0x0200a722                mmReverbDisable
                0x0200a726                mmReverbConfigure
                0x0200a782                mmReverbStart
                0x0200a786                mmReverbStop
 .text          0x0200a7d4       0x3c c:/devkitPro/libnds/lib\libmm9.a(mm_flusher.o)
                0x0200a7d4                mmFlushBank
 .text          0x0200a810      0x100 c:/devkitPro/libnds/lib\libmm9.a(mm_soundbank.o)
                0x0200a810                mmSoundBankInMemory
                0x0200a818                mmSoundBankInFiles
                0x0200a82a                mmSetCustomSoundBankHandler
                0x0200a856                mmsHandleFileOp
 .text          0x0200a910      0x148 c:/devkitpro/devkitarm/bin/../lib/gcc/arm-none-eabi/6.3.0\libgcc.a(_divsi3.o)
                0x0200a910                __divsi3
                0x0200a910                __aeabi_idiv
                0x0200aa38                __aeabi_idivmod
 .text          0x0200aa58        0x4 c:/devkitpro/devkitarm/bin/../lib/gcc/arm-none-eabi/6.3.0\libgcc.a(_dvmd_tls.o)
                0x0200aa58                __aeabi_idiv0
                0x0200aa58                __aeabi_ldiv0
 .text          0x0200aa5c      0x114 c:/devkitpro/devkitarm/bin/../lib/gcc/arm-none-eabi/6.3.0\libgcc.a(_udivsi3.o)
                0x0200aa5c                __aeabi_uidiv
                0x0200aa5c                __udivsi3
                0x0200ab50                __aeabi_uidivmod
 *(EXCLUDE_FILE(*.twl* *.vectors* *.itcm*) .stub)
 *(EXCLUDE_FILE(*.twl* *.vectors* *.itcm*) .text.*)
 .text.deregister_tm_clones
                0x0200ab70       0x30 c:/devkitpro/devkitarm/bin/../lib/gcc/arm-none-eabi/6.3.0/crtbegin.o
 .text.register_tm_clones
                0x0200aba0       0x38 c:/devkitpro/devkitarm/bin/../lib/gcc/arm-none-eabi/6.3.0/crtbegin.o
 .text.__do_global_dtors_aux
                0x0200abd8       0x44 c:/devkitpro/devkitarm/bin/../lib/gcc/arm-none-eabi/6.3.0/crtbegin.o
 .text.frame_dummy
                0x0200ac1c       0x5c c:/devkitpro/devkitarm/bin/../lib/gcc/arm-none-eabi/6.3.0/crtbegin.o
 .text.startup  0x0200ac78     0x2b28 main.o
                0x0200ac78                main
 .text.vramSetMainBanks
                0x0200d7a0       0x44 c:/devkitPro/libnds/lib\libnds9.a(video.o)
                0x0200d7a0                vramSetMainBanks
 .text.vramSetPrimaryBanks
                0x0200d7e4        0x8 c:/devkitPro/libnds/lib\libnds9.a(video.o)
                0x0200d7e4                vramSetPrimaryBanks
 .text.vramDefault
                0x0200d7ec       0xd0 c:/devkitPro/libnds/lib\libnds9.a(video.o)
                0x0200d7ec                vramDefault
 .text.touchRead
                0x0200d8bc       0x24 c:/devkitPro/libnds/lib\libnds9.a(touch.o)
                0x0200d8bc                touchRead
 .text.systemValueHandler
                0x0200d8e0       0x48 c:/devkitPro/libnds/lib\libnds9.a(system.o)
                0x0200d8e0                systemValueHandler
 .text.systemMsgHandler
                0x0200d928       0x5c c:/devkitPro/libnds/lib\libnds9.a(system.o)
                0x0200d928                systemMsgHandler
 .text.powerOn  0x0200d984       0x2c c:/devkitPro/libnds/lib\libnds9.a(system.o)
                0x0200d984                powerOn
 .text.scanKeys
                0x0200d9b0       0x90 c:/devkitPro/libnds/lib\libnds9.a(keys.o)
                0x0200d9b0                scanKeys
 .text.keysDown
                0x0200da40       0x14 c:/devkitPro/libnds/lib\libnds9.a(keys.o)
                0x0200da40                keysDown
 .text.initSystem
                0x0200da54      0x194 c:/devkitPro/libnds/lib\libnds9.a(initSystem.o)
                0x0200da54                initSystem
 .text.__libnds_gtod
                0x0200dbe8       0x24 c:/devkitPro/libnds/lib\libnds9.a(timeSupport.o)
                0x0200dbe8                __libnds_gtod
 .text.irqDummy
                0x0200dc0c        0x4 c:/devkitPro/libnds/lib\libnds9.a(interrupts.o)
                0x0200dc0c                irqDummy
 .text.irqSet   0x0200dc10       0x6c c:/devkitPro/libnds/lib\libnds9.a(interrupts.o)
                0x0200dc10                irqSet
 .text.irqInit  0x0200dc7c       0x50 c:/devkitPro/libnds/lib\libnds9.a(interrupts.o)
                0x0200dc7c                irqInit
 .text.irqEnable
                0x0200dccc       0x64 c:/devkitPro/libnds/lib\libnds9.a(interrupts.o)
                0x0200dccc                irqEnable
 .text.irqDisable
                0x0200dd30       0x64 c:/devkitPro/libnds/lib\libnds9.a(interrupts.o)
                0x0200dd30                irqDisable
 .text.systemErrorExit
                0x0200dd94        0x4 c:/devkitPro/libnds/lib\libnds9.a(libnds_exit.arm.o)
                0x0200dd94                systemErrorExit
 .text.__libnds_exit
                0x0200dd98       0x5c c:/devkitPro/libnds/lib\libnds9.a(libnds_exit.arm.o)
                0x0200dd98                __libnds_exit
 .text.__timeoutvbl
                0x0200ddf4       0x10 c:/devkitPro/libnds/lib\libnds9.a(fifosystem.o)
 .text.fifo_allocBlock.part.0
                0x0200de04       0x34 c:/devkitPro/libnds/lib\libnds9.a(fifosystem.o)
 .text.fifo_waitBlock
                0x0200de38       0x48 c:/devkitPro/libnds/lib\libnds9.a(fifosystem.o)
 .text.fifoInternalSendInterrupt
                0x0200de80       0x9c c:/devkitPro/libnds/lib\libnds9.a(fifosystem.o)
 .text.fifoInternalSend.part.2
                0x0200df1c       0xd8 c:/devkitPro/libnds/lib\libnds9.a(fifosystem.o)
 .text.fifoGetValue32.part.3
                0x0200dff4       0x74 c:/devkitPro/libnds/lib\libnds9.a(fifosystem.o)
 .text.fifoSetValue32Handler
                0x0200e068       0x74 c:/devkitPro/libnds/lib\libnds9.a(fifosystem.o)
                0x0200e068                fifoSetValue32Handler
 .text.fifoSendValue32
                0x0200e0dc       0x50 c:/devkitPro/libnds/lib\libnds9.a(fifosystem.o)
                0x0200e0dc                fifoSendValue32
 .text.fifoSendDatamsg
                0x0200e12c       0x90 c:/devkitPro/libnds/lib\libnds9.a(fifosystem.o)
                0x0200e12c                fifoSendDatamsg
 .text.fifoGetDatamsg
                0x0200e1bc      0x148 c:/devkitPro/libnds/lib\libnds9.a(fifosystem.o)
                0x0200e1bc                fifoGetDatamsg
 .text.fifoInternalRecvInterrupt
                0x0200e304      0x460 c:/devkitPro/libnds/lib\libnds9.a(fifosystem.o)
 .text.fifoSetDatamsgHandler
                0x0200e764       0x9c c:/devkitPro/libnds/lib\libnds9.a(fifosystem.o)
                0x0200e764                fifoSetDatamsgHandler
 .text.fifoInit
                0x0200e800      0x1cc c:/devkitPro/libnds/lib\libnds9.a(fifosystem.o)
                0x0200e800                fifoInit
 .text.__libnds_mpu_setup
                0x0200e9cc      0x174 c:/devkitPro/libnds/lib\libnds9.a(mpu_setup.o)
                0x0200e9cc                __libnds_mpu_setup
 .text.memUncached
                0x0200eb40       0x20 c:/devkitPro/libnds/lib\libnds9.a(mpu_setup.o)
                0x0200eb40                memUncached
 .text.swiWaitForVBlank
                0x0200eb60        0x8 c:/devkitPro/libnds/lib\libnds9.a(IntrWait.o)
                0x0200eb60                swiWaitForVBlank
 .text.swiIntrWait
                0x0200eb68       0x64 c:/devkitPro/libnds/lib\libnds9.a(IntrWait.o)
                0x0200eb68                swiIntrWait
 .text.setCpuClock
                0x0200ebcc       0x50 c:/devkitPro/libnds/lib\libnds9.a(cpu_clock.o)
                0x0200ebcc                setCpuClock
 .text.swiSoftReset
                0x0200ec1c       0x2c c:/devkitPro/libnds/lib\libnds9.a(swiSoftReset.o)
                0x0200ec1c                swiSoftReset
 .text.swiDelay
                0x0200ec48        0x4 c:/devkitPro/libnds/lib\libnds9.a(biosCalls.o)
                0x0200ec48                swiDelay
 .text._fclose_r
                0x0200ec4c      0x160 c:/devkitpro/devkitarm/bin/../lib/gcc/arm-none-eabi/6.3.0/../../../../arm-none-eabi/lib\libg.a(lib_a-fclose.o)
                0x0200ec4c                _fclose_r
 .text.fclose   0x0200edac       0x18 c:/devkitpro/devkitarm/bin/../lib/gcc/arm-none-eabi/6.3.0/../../../../arm-none-eabi/lib\libg.a(lib_a-fclose.o)
                0x0200edac                fclose
 .text.__sflush_r
                0x0200edc4      0x27c c:/devkitpro/devkitarm/bin/../lib/gcc/arm-none-eabi/6.3.0/../../../../arm-none-eabi/lib\libg.a(lib_a-fflush.o)
                0x0200edc4                __sflush_r
 .text._fflush_r
                0x0200f040       0x9c c:/devkitpro/devkitarm/bin/../lib/gcc/arm-none-eabi/6.3.0/../../../../arm-none-eabi/lib\libg.a(lib_a-fflush.o)
                0x0200f040                _fflush_r
 .text.fflush   0x0200f0dc       0x3c c:/devkitpro/devkitarm/bin/../lib/gcc/arm-none-eabi/6.3.0/../../../../arm-none-eabi/lib\libg.a(lib_a-fflush.o)
                0x0200f0dc                fflush
 .text._cleanup_r
                0x0200f118       0x18 c:/devkitpro/devkitarm/bin/../lib/gcc/arm-none-eabi/6.3.0/../../../../arm-none-eabi/lib\libg.a(lib_a-findfp.o)
                0x0200f118                _cleanup_r
 .text.std.isra.0
                0x0200f130       0x84 c:/devkitpro/devkitarm/bin/../lib/gcc/arm-none-eabi/6.3.0/../../../../arm-none-eabi/lib\libg.a(lib_a-findfp.o)
 .text.__sfmoreglue
                0x0200f1b4       0x4c c:/devkitpro/devkitarm/bin/../lib/gcc/arm-none-eabi/6.3.0/../../../../arm-none-eabi/lib\libg.a(lib_a-findfp.o)
                0x0200f1b4                __sfmoreglue
 .text.__sinit  0x0200f200       0x94 c:/devkitpro/devkitarm/bin/../lib/gcc/arm-none-eabi/6.3.0/../../../../arm-none-eabi/lib\libg.a(lib_a-findfp.o)
                0x0200f200                __sinit
 .text.__sfp    0x0200f294      0x120 c:/devkitpro/devkitarm/bin/../lib/gcc/arm-none-eabi/6.3.0/../../../../arm-none-eabi/lib\libg.a(lib_a-findfp.o)
                0x0200f294                __sfp
 .text.__sfp_lock_acquire
                0x0200f3b4       0x18 c:/devkitpro/devkitarm/bin/../lib/gcc/arm-none-eabi/6.3.0/../../../../arm-none-eabi/lib\libg.a(lib_a-findfp.o)
                0x0200f3b4                __sfp_lock_acquire
 .text.__sfp_lock_release
                0x0200f3cc       0x18 c:/devkitpro/devkitarm/bin/../lib/gcc/arm-none-eabi/6.3.0/../../../../arm-none-eabi/lib\libg.a(lib_a-findfp.o)
                0x0200f3cc                __sfp_lock_release
 .text._fopen_r
                0x0200f3e4      0x154 c:/devkitpro/devkitarm/bin/../lib/gcc/arm-none-eabi/6.3.0/../../../../arm-none-eabi/lib\libg.a(lib_a-fopen.o)
                0x0200f3e4                _fopen_r
 .text.fopen    0x0200f538       0x20 c:/devkitpro/devkitarm/bin/../lib/gcc/arm-none-eabi/6.3.0/../../../../arm-none-eabi/lib\libg.a(lib_a-fopen.o)
                0x0200f538                fopen
 .text._fread_r
                0x0200f558      0x2d4 c:/devkitpro/devkitarm/bin/../lib/gcc/arm-none-eabi/6.3.0/../../../../arm-none-eabi/lib\libg.a(lib_a-fread.o)
                0x0200f558                _fread_r
 .text.fread    0x0200f82c       0x3c c:/devkitpro/devkitarm/bin/../lib/gcc/arm-none-eabi/6.3.0/../../../../arm-none-eabi/lib\libg.a(lib_a-fread.o)
                0x0200f82c                fread
 .text._malloc_trim_r
                0x0200f868      0x100 c:/devkitpro/devkitarm/bin/../lib/gcc/arm-none-eabi/6.3.0/../../../../arm-none-eabi/lib\libg.a(lib_a-freer.o)
                0x0200f868                _malloc_trim_r
 .text._free_r  0x0200f968      0x2e0 c:/devkitpro/devkitarm/bin/../lib/gcc/arm-none-eabi/6.3.0/../../../../arm-none-eabi/lib\libg.a(lib_a-freer.o)
                0x0200f968                _free_r
 .text._fseek_r
                0x0200fc48       0x20 c:/devkitpro/devkitarm/bin/../lib/gcc/arm-none-eabi/6.3.0/../../../../arm-none-eabi/lib\libg.a(lib_a-fseek.o)
                0x0200fc48                _fseek_r
 .text.fseek    0x0200fc68       0x3c c:/devkitpro/devkitarm/bin/../lib/gcc/arm-none-eabi/6.3.0/../../../../arm-none-eabi/lib\libg.a(lib_a-fseek.o)
                0x0200fc68                fseek
 .text._fseeko_r
                0x0200fca4      0x61c c:/devkitpro/devkitarm/bin/../lib/gcc/arm-none-eabi/6.3.0/../../../../arm-none-eabi/lib\libg.a(lib_a-fseeko.o)
                0x0200fca4                _fseeko_r
 .text._fwalk   0x020102c0       0x84 c:/devkitpro/devkitarm/bin/../lib/gcc/arm-none-eabi/6.3.0/../../../../arm-none-eabi/lib\libg.a(lib_a-fwalk.o)
                0x020102c0                _fwalk
 .text._fwalk_reent
                0x02010344       0x8c c:/devkitpro/devkitarm/bin/../lib/gcc/arm-none-eabi/6.3.0/../../../../arm-none-eabi/lib\libg.a(lib_a-fwalk.o)
                0x02010344                _fwalk_reent
 .text.__libc_init_array
                0x020103d0       0x80 c:/devkitpro/devkitarm/bin/../lib/gcc/arm-none-eabi/6.3.0/../../../../arm-none-eabi/lib\libg.a(lib_a-init.o)
                0x020103d0                __libc_init_array
 .text.__swhatbuf_r
                0x02010450       0xa0 c:/devkitpro/devkitarm/bin/../lib/gcc/arm-none-eabi/6.3.0/../../../../arm-none-eabi/lib\libg.a(lib_a-makebuf.o)
                0x02010450                __swhatbuf_r
 .text.__smakebuf_r
                0x020104f0      0x100 c:/devkitpro/devkitarm/bin/../lib/gcc/arm-none-eabi/6.3.0/../../../../arm-none-eabi/lib\libg.a(lib_a-makebuf.o)
                0x020104f0                __smakebuf_r
 .text.malloc   0x020105f0       0x1c c:/devkitpro/devkitarm/bin/../lib/gcc/arm-none-eabi/6.3.0/../../../../arm-none-eabi/lib\libg.a(lib_a-malloc.o)
                0x020105f0                malloc
 .text.free     0x0201060c       0x1c c:/devkitpro/devkitarm/bin/../lib/gcc/arm-none-eabi/6.3.0/../../../../arm-none-eabi/lib\libg.a(lib_a-malloc.o)
                0x0201060c                free
 .text._malloc_r
                0x02010628      0x78c c:/devkitpro/devkitarm/bin/../lib/gcc/arm-none-eabi/6.3.0/../../../../arm-none-eabi/lib\libg.a(lib_a-mallocr.o)
                0x02010628                _malloc_r
 .text.memcpy   0x02010db4      0x114 c:/devkitpro/devkitarm/bin/../lib/gcc/arm-none-eabi/6.3.0/../../../../arm-none-eabi/lib\libg.a(lib_a-memcpy-stub.o)
                0x02010db4                memcpy
 .text.memmove  0x02010ec8      0x148 c:/devkitpro/devkitarm/bin/../lib/gcc/arm-none-eabi/6.3.0/../../../../arm-none-eabi/lib\libg.a(lib_a-memmove.o)
                0x02010ec8                memmove
 .text.memset   0x02011010      0x114 c:/devkitpro/devkitarm/bin/../lib/gcc/arm-none-eabi/6.3.0/../../../../arm-none-eabi/lib\libg.a(lib_a-memset.o)
                0x02011010                memset
 .text.__malloc_lock
                0x02011124       0x18 c:/devkitpro/devkitarm/bin/../lib/gcc/arm-none-eabi/6.3.0/../../../../arm-none-eabi/lib\libg.a(lib_a-mlock.o)
                0x02011124                __malloc_lock
 .text.__malloc_unlock
                0x0201113c       0x18 c:/devkitpro/devkitarm/bin/../lib/gcc/arm-none-eabi/6.3.0/../../../../arm-none-eabi/lib\libg.a(lib_a-mlock.o)
                0x0201113c                __malloc_unlock
 .text.rand     0x02011154       0x4c c:/devkitpro/devkitarm/bin/../lib/gcc/arm-none-eabi/6.3.0/../../../../arm-none-eabi/lib\libg.a(lib_a-rand.o)
                0x02011154                rand
 .text.lflush   0x020111a0       0x28 c:/devkitpro/devkitarm/bin/../lib/gcc/arm-none-eabi/6.3.0/../../../../arm-none-eabi/lib\libg.a(lib_a-refill.o)
 .text.__srefill_r
                0x020111c8      0x1cc c:/devkitpro/devkitarm/bin/../lib/gcc/arm-none-eabi/6.3.0/../../../../arm-none-eabi/lib\libg.a(lib_a-refill.o)
                0x020111c8                __srefill_r
 .text.__sread  0x02011394       0x4c c:/devkitpro/devkitarm/bin/../lib/gcc/arm-none-eabi/6.3.0/../../../../arm-none-eabi/lib\libg.a(lib_a-stdio.o)
                0x02011394                __sread
 .text.__swrite
                0x020113e0       0x68 c:/devkitpro/devkitarm/bin/../lib/gcc/arm-none-eabi/6.3.0/../../../../arm-none-eabi/lib\libg.a(lib_a-stdio.o)
                0x020113e0                __swrite
 .text.__sseek  0x02011448       0x54 c:/devkitpro/devkitarm/bin/../lib/gcc/arm-none-eabi/6.3.0/../../../../arm-none-eabi/lib\libg.a(lib_a-stdio.o)
                0x02011448                __sseek
 .text.__sclose
                0x0201149c       0x14 c:/devkitpro/devkitarm/bin/../lib/gcc/arm-none-eabi/6.3.0/../../../../arm-none-eabi/lib\libg.a(lib_a-stdio.o)
                0x0201149c                __sclose
 .text.__sflags
                0x020114b0       0xb8 c:/devkitpro/devkitarm/bin/../lib/gcc/arm-none-eabi/6.3.0/../../../../arm-none-eabi/lib\libg.a(lib_a-flags.o)
                0x020114b0                __sflags
 .text._close_r
                0x02011568       0x90 c:/devkitpro/devkitarm/bin/../lib/gcc/arm-none-eabi/6.3.0/../../../../arm-none-eabi/lib\libsysbase.a(close.o)
                0x02011568                _close_r
 .text._fstat_r
                0x020115f8       0x80 c:/devkitpro/devkitarm/bin/../lib/gcc/arm-none-eabi/6.3.0/../../../../arm-none-eabi/lib\libsysbase.a(fstat.o)
                0x020115f8                _fstat_r
 .text._isatty_r
                0x02011678        0x8 c:/devkitpro/devkitarm/bin/../lib/gcc/arm-none-eabi/6.3.0/../../../../arm-none-eabi/lib\libsysbase.a(isatty.o)
                0x02011678                _isatty_r
 .text._lseek_r
                0x02011680       0x94 c:/devkitpro/devkitarm/bin/../lib/gcc/arm-none-eabi/6.3.0/../../../../arm-none-eabi/lib\libsysbase.a(lseek.o)
                0x02011680                _lseek_r
 .text._open_r  0x02011714       0xc8 c:/devkitpro/devkitarm/bin/../lib/gcc/arm-none-eabi/6.3.0/../../../../arm-none-eabi/lib\libsysbase.a(open.o)
                0x02011714                _open_r
 .text._read_r  0x020117dc       0x8c c:/devkitpro/devkitarm/bin/../lib/gcc/arm-none-eabi/6.3.0/../../../../arm-none-eabi/lib\libsysbase.a(read.o)
                0x020117dc                _read_r
 .text._sbrk_r  0x02011868       0x70 c:/devkitpro/devkitarm/bin/../lib/gcc/arm-none-eabi/6.3.0/../../../../arm-none-eabi/lib\libsysbase.a(sbrk.o)
                0x02011868                _sbrk_r
 .text._write_r
                0x020118d8       0x8c c:/devkitpro/devkitarm/bin/../lib/gcc/arm-none-eabi/6.3.0/../../../../arm-none-eabi/lib\libsysbase.a(write.o)
                0x020118d8                _write_r
 .text.build_argv
                0x02011964       0x7c c:/devkitpro/devkitarm/bin/../lib/gcc/arm-none-eabi/6.3.0/../../../../arm-none-eabi/lib\libsysbase.a(build_argv.o)
                0x02011964                build_argv
 .text.__flockfile
                0x020119e0       0x14 c:/devkitpro/devkitarm/bin/../lib/gcc/arm-none-eabi/6.3.0/../../../../arm-none-eabi/lib\libsysbase.a(flock.o)
                0x020119e0                __flockfile
 .text.__funlockfile
                0x020119f4       0x14 c:/devkitpro/devkitarm/bin/../lib/gcc/arm-none-eabi/6.3.0/../../../../arm-none-eabi/lib\libsysbase.a(flock.o)
                0x020119f4                __funlockfile
 .text.__libc_lock_acquire
                0x02011a08       0x18 c:/devkitpro/devkitarm/bin/../lib/gcc/arm-none-eabi/6.3.0/../../../../arm-none-eabi/lib\libsysbase.a(syscall_support.o)
                0x02011a08                __libc_lock_acquire
 .text.__libc_lock_release
                0x02011a20       0x18 c:/devkitpro/devkitarm/bin/../lib/gcc/arm-none-eabi/6.3.0/../../../../arm-none-eabi/lib\libsysbase.a(syscall_support.o)
                0x02011a20                __libc_lock_release
 .text.__libc_lock_init_recursive
                0x02011a38       0x18 c:/devkitpro/devkitarm/bin/../lib/gcc/arm-none-eabi/6.3.0/../../../../arm-none-eabi/lib\libsysbase.a(syscall_support.o)
                0x02011a38                __libc_lock_init_recursive
 .text.__libc_lock_acquire_recursive
                0x02011a50       0x18 c:/devkitpro/devkitarm/bin/../lib/gcc/arm-none-eabi/6.3.0/../../../../arm-none-eabi/lib\libsysbase.a(syscall_support.o)
                0x02011a50                __libc_lock_acquire_recursive
 .text.__libc_lock_release_recursive
                0x02011a68       0x18 c:/devkitpro/devkitarm/bin/../lib/gcc/arm-none-eabi/6.3.0/../../../../arm-none-eabi/lib\libsysbase.a(syscall_support.o)
                0x02011a68                __libc_lock_release_recursive
 .text.__libc_lock_close_recursive
                0x02011a80       0x18 c:/devkitpro/devkitarm/bin/../lib/gcc/arm-none-eabi/6.3.0/../../../../arm-none-eabi/lib\libsysbase.a(syscall_support.o)
                0x02011a80                __libc_lock_close_recursive
 .text.__free_handle
                0x02011a98       0x58 c:/devkitpro/devkitarm/bin/../lib/gcc/arm-none-eabi/6.3.0/../../../../arm-none-eabi/lib\libsysbase.a(handle_manager.o)
                0x02011a98                __free_handle
 .text.__release_handle
                0x02011af0       0x44 c:/devkitpro/devkitarm/bin/../lib/gcc/arm-none-eabi/6.3.0/../../../../arm-none-eabi/lib\libsysbase.a(handle_manager.o)
                0x02011af0                __release_handle
 .text.__alloc_handle
                0x02011b34       0xb8 c:/devkitpro/devkitarm/bin/../lib/gcc/arm-none-eabi/6.3.0/../../../../arm-none-eabi/lib\libsysbase.a(handle_manager.o)
                0x02011b34                __alloc_handle
 .text.__get_handle
                0x02011bec       0x18 c:/devkitpro/devkitarm/bin/../lib/gcc/arm-none-eabi/6.3.0/../../../../arm-none-eabi/lib\libsysbase.a(handle_manager.o)
                0x02011bec                __get_handle
 .text.__getreent
                0x02011c04       0x24 c:/devkitpro/devkitarm/bin/../lib/gcc/arm-none-eabi/6.3.0/../../../../arm-none-eabi/lib\libsysbase.a(getreent.o)
                0x02011c04                __getreent
 .text.null_write
                0x02011c28        0x8 c:/devkitpro/devkitarm/bin/../lib/gcc/arm-none-eabi/6.3.0/../../../../arm-none-eabi/lib\libsysbase.a(iosupport.o)
 .text.FindDevice
                0x02011c30       0xd8 c:/devkitpro/devkitarm/bin/../lib/gcc/arm-none-eabi/6.3.0/../../../../arm-none-eabi/lib\libsysbase.a(iosupport.o)
                0x02011c30                FindDevice
 .text.__errno  0x02011d08       0x10 c:/devkitpro/devkitarm/bin/../lib/gcc/arm-none-eabi/6.3.0/../../../../arm-none-eabi/lib\libg.a(lib_a-errno.o)
                0x02011d08                __errno
 .text.__locale_ctype_ptr
                0x02011d18       0x28 c:/devkitpro/devkitarm/bin/../lib/gcc/arm-none-eabi/6.3.0/../../../../arm-none-eabi/lib\libg.a(lib_a-locale.o)
                0x02011d18                __locale_ctype_ptr
 .text.__utf8_mbtowc
                0x02011d40      0x30c c:/devkitpro/devkitarm/bin/../lib/gcc/arm-none-eabi/6.3.0/../../../../arm-none-eabi/lib\libg.a(lib_a-mbtowc_r.o)
                0x02011d40                __utf8_mbtowc
 .text.strchr   0x0201204c      0x1ac c:/devkitpro/devkitarm/bin/../lib/gcc/arm-none-eabi/6.3.0/../../../../arm-none-eabi/lib\libg.a(lib_a-strchr.o)
                0x0201204c                strchr
 .text.strlen   0x020121f8       0x60 c:/devkitpro/devkitarm/bin/../lib/gcc/arm-none-eabi/6.3.0/../../../../arm-none-eabi/lib\libg.a(lib_a-strlen-stub.o)
                0x020121f8                strlen
 .text.strncmp  0x02012258      0x110 c:/devkitpro/devkitarm/bin/../lib/gcc/arm-none-eabi/6.3.0/../../../../arm-none-eabi/lib\libg.a(lib_a-strncmp.o)
                0x02012258                strncmp
 .text.__utf8_wctomb
                0x02012368       0xec c:/devkitpro/devkitarm/bin/../lib/gcc/arm-none-eabi/6.3.0/../../../../arm-none-eabi/lib\libg.a(lib_a-wctomb_r.o)
                0x02012368                __utf8_wctomb
 *fill*         0x02012454        0x4 ff
 .text.__utf8_wctomb.__stub
                0x02012458       0x90 linker stubs
 *(EXCLUDE_FILE(*.twl*) .gnu.warning)
 *(EXCLUDE_FILE(*.twl*) .gnu.linkonce.t*)
 *(.glue_7)
 .glue_7        0x02012508        0x0 linker stubs
 *(.glue_7t)
 .glue_7t       0x02012508        0x0 linker stubs
                0x02012508                . = ALIGN (0x4)

.vfp11_veneer   0x02012508        0x0
 .vfp11_veneer  0x02012508        0x0 linker stubs

.v4_bx          0x02012508        0x0
 .v4_bx         0x02012508        0x0 linker stubs

.iplt           0x02012508        0x0
 .iplt          0x02012508        0x0 c:/devkitpro/devkitarm/bin/../lib/gcc/arm-none-eabi/6.3.0/../../../../arm-none-eabi/lib/ds_arm9_crt0.o

.fini           0x02012508       0x18
 *(.fini)
 .fini          0x02012508        0xc c:/devkitpro/devkitarm/bin/../lib/gcc/arm-none-eabi/6.3.0/crti.o
                0x02012508                _fini
 .fini          0x02012514        0xc c:/devkitpro/devkitarm/bin/../lib/gcc/arm-none-eabi/6.3.0/crtn.o
                0x02012520                __text_end = .

.rodata         0x02012520    0xa693c
 *(EXCLUDE_FILE(*.twl*) .rodata)
 .rodata        0x02012520     0x9404 soundbank.bin.o
                0x02012520                soundbank_bin
                0x0201b920                soundbank_bin_size
                0x0201b920                soundbank_bin_end
 .rodata        0x0201b924    0x18000 background.o
                0x0201b924                backgroundBitmap
 .rodata        0x02033924      0x180 cart4left.o
                0x02033924                cart4leftBitmap
 .rodata        0x02033aa4      0x180 cart4right.o
                0x02033aa4                cart4rightBitmap
 .rodata        0x02033c24      0x240 cartempty.o
                0x02033c24                cartemptyBitmap
 .rodata        0x02033e64      0x240 cartfull.o
                0x02033e64                cartfullBitmap
 .rodata        0x020340a4       0xd8 cement1.o
                0x020340a4                cement1Bitmap
 .rodata        0x0203417c       0xe0 cement2left.o
                0x0203417c                cement2leftBitmap
 .rodata        0x0203425c       0xe0 cement2right.o
                0x0203425c                cement2rightBitmap
 .rodata        0x0203433c    0x18000 controls.o
                0x0203433c                controlsBitmap
 .rodata        0x0204c33c      0x730 driverhitleft.o
                0x0204c33c                driverhitleftBitmap
 .rodata        0x0204ca6c      0x730 driverhitright.o
                0x0204ca6c                driverhitrightBitmap
 .rodata        0x0204d19c      0x370 driverleft.o
                0x0204d19c                driverleftBitmap
 .rodata        0x0204d50c      0x370 driverright.o
                0x0204d50c                driverrightBitmap
 .rodata        0x0204d87c      0x100 dump1.o
                0x0204d87c                dump1Bitmap
 .rodata        0x0204d97c       0xc0 dump2.o
                0x0204d97c                dump2Bitmap
 .rodata        0x0204da3c       0x68 elevator.o
                0x0204da3c                elevatorBitmap
 .rodata        0x0204daa4     0x2328 gameover.o
                0x0204daa4                gameoverBitmap
 .rodata        0x0204fdcc       0x40 handleleftdown.o
                0x0204fdcc                handleleftdownBitmap
 .rodata        0x0204fe0c       0xa0 handleleftup.o
                0x0204fe0c                handleleftupBitmap
 .rodata        0x0204feac       0x40 handlerightdown.o
                0x0204feac                handlerightdownBitmap
 .rodata        0x0204feec       0xa0 handlerightup.o
                0x0204feec                handlerightupBitmap
 .rodata        0x0204ff8c    0x18000 history.o
                0x0204ff8c                historyBitmap
 .rodata        0x02067f8c    0x18000 intro.o
                0x02067f8c                introBitmap
 .rodata        0x0207ff8c      0x5e8 mariocrashbottom.o
                0x0207ff8c                mariocrashbottomBitmap
 .rodata        0x02080574      0x5e8 mariocrashtop.o
                0x02080574                mariocrashtopBitmap
 .rodata        0x02080b5c      0x4e0 marioelevatorleft.o
                0x02080b5c                marioelevatorleftBitmap
 .rodata        0x0208103c      0x4e0 marioelevatorright.o
                0x0208103c                marioelevatorrightBitmap
 .rodata        0x0208151c      0x420 mariohang.o
                0x0208151c                mariohangBitmap
 .rodata        0x0208193c      0x4e0 marioleft.o
                0x0208193c                marioleftBitmap
 .rodata        0x02081e1c      0x4e0 marioright.o
                0x02081e1c                mariorightBitmap
 .rodata        0x020822fc      0x600 mariosiloleftclosed.o
                0x020822fc                mariosiloleftclosedBitmap
 .rodata        0x020828fc      0x600 mariosiloleftopen.o
                0x020828fc                mariosiloleftopenBitmap
 .rodata        0x02082efc      0x600 mariosilorightclosed.o
                0x02082efc                mariosilorightclosedBitmap
 .rodata        0x020834fc      0x600 mariosilorightopen.o
                0x020834fc                mariosilorightopenBitmap
 .rodata        0x02083afc      0x1e0 miss1.o
                0x02083afc                miss1Bitmap
 .rodata        0x02083cdc      0x188 miss2.o
                0x02083cdc                miss2Bitmap
 .rodata        0x02083e64    0x18000 original.o
                0x02083e64                originalBitmap
 .rodata        0x0209be64      0x120 overflowdriverleft.o
                0x0209be64                overflowdriverleftBitmap
 .rodata        0x0209bf84      0x120 overflowdriverright.o
                0x0209bf84                overflowdriverrightBitmap
 .rodata        0x0209c0a4       0xc0 overflowleft.o
                0x0209c0a4                overflowleftBitmap
 .rodata        0x0209c164       0xc0 overflowright.o
                0x0209c164                overflowrightBitmap
 .rodata        0x0209c224      0x240 rscart.o
                0x0209c224                rscartBitmap
 .rodata        0x0209c464      0x168 rscart4.o
                0x0209c464                rscart4Bitmap
 .rodata        0x0209c5cc       0xd8 rscement1.o
                0x0209c5cc                rscement1Bitmap
 .rodata        0x0209c6a4       0xe0 rscement2left.o
                0x0209c6a4                rscement2leftBitmap
 .rodata        0x0209c784       0xe0 rscement2right.o
                0x0209c784                rscement2rightBitmap
 .rodata        0x0209c864      0x370 rsdriver.o
                0x0209c864                rsdriverBitmap
 .rodata        0x0209cbd4      0x730 rsdriverhit.o
                0x0209cbd4                rsdriverhitBitmap
 .rodata        0x0209d304      0x100 rsdump1.o
                0x0209d304                rsdump1Bitmap
 .rodata        0x0209d404       0xc0 rsdump2.o
                0x0209d404                rsdump2Bitmap
 .rodata        0x0209d4c4       0x68 rselevator.o
                0x0209d4c4                rselevatorBitmap
 .rodata        0x0209d52c       0x40 rshandledown.o
                0x0209d52c                rshandledownBitmap
 .rodata        0x0209d56c       0xa0 rshandleup.o
                0x0209d56c                rshandleupBitmap
 .rodata        0x0209d60c      0x4e0 rsmario.o
                0x0209d60c                rsmarioBitmap
 .rodata        0x0209daec      0x5e8 rsmariocrash.o
                0x0209daec                rsmariocrashBitmap
 .rodata        0x0209e0d4      0x4e0 rsmarioelevator.o
                0x0209e0d4                rsmarioelevatorBitmap
 .rodata        0x0209e5b4      0x420 rsmariohang.o
                0x0209e5b4                rsmariohangBitmap
 .rodata        0x0209e9d4      0x600 rsmariosilo.o
                0x0209e9d4                rsmariosiloBitmap
 .rodata        0x0209efd4       0xc0 rsoverflow.o
                0x0209efd4                rsoverflowBitmap
 .rodata        0x0209f094      0x120 rsoverflowdriver.o
                0x0209f094                rsoverflowdriverBitmap
 .rodata        0x0209f1b4       0x20 rsvalvecart.o
                0x0209f1b4                rsvalvecartBitmap
 .rodata        0x0209f1d4       0x28 rsvalveclosed.o
                0x0209f1d4                rsvalveclosedBitmap
 .rodata        0x0209f1fc       0x60 rsvalveopen.o
                0x0209f1fc                rsvalveopenBitmap
 .rodata        0x0209f25c      0x280 score0.o
                0x0209f25c                scoreBitmap
 .rodata        0x0209f4dc      0x280 score1.o
                0x0209f4dc                score1Bitmap
 .rodata        0x0209f75c      0x280 score2.o
                0x0209f75c                score2Bitmap
 .rodata        0x0209f9dc      0x280 score3.o
                0x0209f9dc                score3Bitmap
 .rodata        0x0209fc5c      0x280 score4.o
                0x0209fc5c                score4Bitmap
 .rodata        0x0209fedc      0x280 score5.o
                0x0209fedc                score5Bitmap
 .rodata        0x020a015c      0x280 score6.o
                0x020a015c                score6Bitmap
 .rodata        0x020a03dc      0x280 score7.o
                0x020a03dc                score7Bitmap
 .rodata        0x020a065c      0x280 score8.o
                0x020a065c                score8Bitmap
 .rodata        0x020a08dc      0x280 score9.o
                0x020a08dc                score9Bitmap
 .rodata        0x020a0b5c    0x18000 select.o
                0x020a0b5c                selectBitmap
 .rodata        0x020b8b5c       0x20 valvecart.o
                0x020b8b5c                valvecartBitmap
 .rodata        0x020b8b7c       0x28 valveclosed.o
                0x020b8b7c                valveclosedBitmap
 .rodata        0x020b8ba4       0x60 valveopenleft.o
                0x020b8ba4                valveopenleftBitmap
 .rodata        0x020b8c04       0x60 valveopenright.o
                0x020b8c04                valveopenrightBitmap
 .rodata        0x020b8c64       0x38 main.o
 *all.rodata*(*)
 *(EXCLUDE_FILE(*.twl*) .roda)
 *(EXCLUDE_FILE(*.twl*) .rodata.*)
 .rodata._global_impure_ptr
                0x020b8c9c        0x4 c:/devkitpro/devkitarm/bin/../lib/gcc/arm-none-eabi/6.3.0/../../../../arm-none-eabi/lib\libg.a(lib_a-impure.o)
                0x020b8c9c                _global_impure_ptr
 .rodata.AddDevice.str1.4
                0x020b8ca0        0x8 c:/devkitpro/devkitarm/bin/../lib/gcc/arm-none-eabi/6.3.0/../../../../arm-none-eabi/lib\libsysbase.a(iosupport.o)
 .rodata.dotab_stdnull
                0x020b8ca8       0x68 c:/devkitpro/devkitarm/bin/../lib/gcc/arm-none-eabi/6.3.0/../../../../arm-none-eabi/lib\libsysbase.a(iosupport.o)
                0x020b8ca8                dotab_stdnull
 .rodata.str1.4
                0x020b8d10       0x48 c:/devkitpro/devkitarm/bin/../lib/gcc/arm-none-eabi/6.3.0/../../../../arm-none-eabi/lib\libg.a(lib_a-locale.o)
                                 0x4c (size before relaxing)
 .rodata._ctype_
                0x020b8d58      0x101 c:/devkitpro/devkitarm/bin/../lib/gcc/arm-none-eabi/6.3.0/../../../../arm-none-eabi/lib\libg.a(lib_a-ctype_.o)
                0x020b8d58                _ctype_
 *(EXCLUDE_FILE(*.twl*) .gnu.linkonce.r*)
                0x020b8e5c                . = ALIGN (0x4)
 *fill*         0x020b8e59        0x3 ff

.ARM.extab
 *(.ARM.extab* .gnu.linkonce.armextab.*)
                0x020b8e5c                __exidx_start = .

ARM.exidx
 *(.ARM.exidx* .gnu.linkonce.armexidx.*)
                0x020b8e5c                __exidx_end = .
                0x020b8e5c                . = ALIGN (0x4)
                0x020b8e5c                PROVIDE (__preinit_array_start, .)

.preinit_array
 *(.preinit_array)
                0x020b8e5c                PROVIDE (__preinit_array_end, .)
                0x020b8e5c                PROVIDE (__init_array_start, .)

.init_array     0x020b8e5c        0x4
 *(SORT(.init_array.*))
 *(.init_array)
 .init_array    0x020b8e5c        0x4 c:/devkitpro/devkitarm/bin/../lib/gcc/arm-none-eabi/6.3.0/crtbegin.o
                0x020b8e60                PROVIDE (__init_array_end, .)
                [!provide]                PROVIDE (__fini_array_start, .)

.fini_array     0x020b8e60        0x4
 *(.fini_array)
 .fini_array    0x020b8e60        0x4 c:/devkitpro/devkitarm/bin/../lib/gcc/arm-none-eabi/6.3.0/crtbegin.o
 *(SORT(.fini_array.*))
                [!provide]                PROVIDE (__fini_array_end, .)

.ctors          0x020b8e64        0x0
 *crtbegin.o(.ctors)
 *(EXCLUDE_FILE(*crtend.o) .ctors)
 *(SORT(.ctors.*))
 *(.ctors)
                0x020b8e64                . = ALIGN (0x4)

.dtors          0x020b8e64        0x0
 *crtbegin.o(.dtors)
 *(EXCLUDE_FILE(*crtend.o) .dtors)
 *(SORT(.dtors.*))
 *(.dtors)
                0x020b8e64                . = ALIGN (0x4)

.eh_frame       0x020b8e64        0x4
 *(.eh_frame)
 .eh_frame      0x020b8e64        0x0 c:/devkitpro/devkitarm/bin/../lib/gcc/arm-none-eabi/6.3.0/crtbegin.o
 .eh_frame      0x020b8e64        0x4 c:/devkitpro/devkitarm/bin/../lib/gcc/arm-none-eabi/6.3.0/crtend.o
                0x020b8e68                . = ALIGN (0x4)

.rel.dyn        0x020b8e68        0x0
 .rel.iplt      0x020b8e68        0x0 c:/devkitpro/devkitarm/bin/../lib/gcc/arm-none-eabi/6.3.0/../../../../arm-none-eabi/lib/ds_arm9_crt0.o

.gcc_except_table
                0x020b8e68        0x0
 *(.gcc_except_table)
                0x020b8e68                . = ALIGN (0x4)

.jcr            0x020b8e68        0x4
 *(.jcr)
 .jcr           0x020b8e68        0x0 c:/devkitpro/devkitarm/bin/../lib/gcc/arm-none-eabi/6.3.0/crtbegin.o
 .jcr           0x020b8e68        0x4 c:/devkitpro/devkitarm/bin/../lib/gcc/arm-none-eabi/6.3.0/crtend.o

.got
 *(.got.plt)
 *(.got)
 *(.rel.got)

.ewram          0x020b8e6c        0x0
                0x020b8e6c                __ewram_start = ABSOLUTE (.)
 *(.ewram)
 *ewram.*(.text)
                0x020b8e6c                . = ALIGN (0x4)

.data           0x020b8e6c     0x21d0
                0x020b8e6c                __data_start = ABSOLUTE (.)
 *(EXCLUDE_FILE(*.twl*) .data)
 .data          0x020b8e6c      0x720 main.o
                0x020b8e6c                mario_pos_map
                0x020b8fac                img_rsmarioelevator
                0x020b8fb8                img_rsmariocrash
                0x020b8fc4                img_rsmario
                0x020b8fd0                img_rsmariosilo
                0x020b8fdc                img_rsmariohang
                0x020b8fe8                img_marioelevatorleft
                0x020b8ff4                img_mariocrashbottom
                0x020b9000                img_marioelevatorright
                0x020b900c                img_mariocrashtop
                0x020b9018                img_marioleft
                0x020b9024                img_mariosiloleftclosed
                0x020b9030                img_marioright
                0x020b903c                img_mariosilorightclosed
                0x020b9048                img_mariohang
                0x020b9054                img_score0
                0x020b9060                img_score1
                0x020b906c                img_score2
                0x020b9078                img_score3
                0x020b9084                img_score4
                0x020b9090                img_score5
                0x020b909c                img_score6
                0x020b90a8                img_score7
                0x020b90b4                img_score8
                0x020b90c0                img_score9
                0x020b90cc                driver_pos_map
                0x020b90ec                img_rsdriverhit
                0x020b90f8                img_driverleft
                0x020b9104                img_rsdriver
                0x020b9110                img_driverhitleft
                0x020b911c                img_driverright
                0x020b9128                img_driverhitright
                0x020b9134                cement_pos_map
                0x020b91b4                img_cement1
                0x020b91c0                img_rscement1
                0x020b91cc                img_cement2left
                0x020b91d8                img_cement2right
                0x020b91e4                img_rscement2left
                0x020b91f0                img_rscement2right
                0x020b91fc                dump_pos_map
                0x020b922c                img_rsdump1
                0x020b9238                overflow_pos_map
                0x020b9268                img_overflowleft
                0x020b9274                img_rsoverflow
                0x020b9280                img_overflowdriverleft
                0x020b928c                img_rsoverflowdriver
                0x020b9298                img_overflowright
                0x020b92a4                valve_pos_map
                0x020b92e4                img_rsvalveopen
                0x020b92f0                img_valveclosed
                0x020b92fc                handle_pos_map
                0x020b933c                img_rshandledown
                0x020b9348                img_handleleftup
                0x020b9354                img_handlerightup
                0x020b9360                img_rsvalveclosed
                0x020b936c                img_valveopenleft
                0x020b9378                img_rshandleup
                0x020b9384                img_handleleftdown
                0x020b9390                img_valveopenright
                0x020b939c                img_handlerightdown
                0x020b93a8                foul_pos_map
                0x020b93c8                img_miss1
                0x020b93d4                img_miss2
                0x020b93e0                img_rselevator
                0x020b93ec                img_elevator
                0x020b93f8                elevator_pos_map
                0x020b9448                cart_pos_map
                0x020b9488                img_rscart
                0x020b9494                img_cart3left
                0x020b94a0                img_cartempty
                0x020b94ac                img_cartfull
                0x020b94b8                img_rscart3
                0x020b94c4                img_cart3right
                0x020b94d0                img_dump1
                0x020b94dc                valvecart_pos_map
                0x020b94fc                img_valvecart
                0x020b9508                img_rsvalvecart
                0x020b9514                img_mariosiloleftopen
                0x020b9520                img_mariosilorightopen
                0x020b952c                img_dump2
                0x020b9538                img_rsdump2
                0x020b9544                resolution
                0x020b9548                speed
                0x020b954c                img_gameover
                0x020b9558                img_overflowdriverright
                0x020b9564                jump_pos_map
 .data          0x020b958c       0x28 c:/devkitPro/libnds/lib\libnds9.a(mpu_setup.o)
 *(EXCLUDE_FILE(*.twl*) .data.*)
 .data.count    0x020b95b4        0x1 c:/devkitPro/libnds/lib\libnds9.a(keys.o)
 .data.delay    0x020b95b5        0x1 c:/devkitPro/libnds/lib\libnds9.a(keys.o)
 .data.repeat   0x020b95b6        0x1 c:/devkitPro/libnds/lib\libnds9.a(keys.o)
 *fill*         0x020b95b7        0x1 ff
 .data.fifo_buffer_free
                0x020b95b8        0x4 c:/devkitPro/libnds/lib\libnds9.a(fifosystem.o)
                0x020b95b8                fifo_buffer_free
 .data.fifo_freewords
                0x020b95bc        0x4 c:/devkitPro/libnds/lib\libnds9.a(fifosystem.o)
                0x020b95bc                fifo_freewords
 .data.fifo_receive_queue
                0x020b95c0        0x4 c:/devkitPro/libnds/lib\libnds9.a(fifosystem.o)
                0x020b95c0                fifo_receive_queue
 .data.fifo_send_queue
                0x020b95c4        0x4 c:/devkitPro/libnds/lib\libnds9.a(fifosystem.o)
                0x020b95c4                fifo_send_queue
 .data.__sfp_lock
                0x020b95c8        0xc c:/devkitpro/devkitarm/bin/../lib/gcc/arm-none-eabi/6.3.0/../../../../arm-none-eabi/lib\libg.a(lib_a-findfp.o)
 .data.__sinit_lock
                0x020b95d4        0xc c:/devkitpro/devkitarm/bin/../lib/gcc/arm-none-eabi/6.3.0/../../../../arm-none-eabi/lib\libg.a(lib_a-findfp.o)
 .data._impure_ptr
                0x020b95e0        0x4 c:/devkitpro/devkitarm/bin/../lib/gcc/arm-none-eabi/6.3.0/../../../../arm-none-eabi/lib\libg.a(lib_a-impure.o)
                0x020b95e0                _impure_ptr
 *fill*         0x020b95e4        0x4 ff
 .data.impure_data
                0x020b95e8      0x460 c:/devkitpro/devkitarm/bin/../lib/gcc/arm-none-eabi/6.3.0/../../../../arm-none-eabi/lib\libg.a(lib_a-impure.o)
 .data.__malloc_av_
                0x020b9a48      0x408 c:/devkitpro/devkitarm/bin/../lib/gcc/arm-none-eabi/6.3.0/../../../../arm-none-eabi/lib\libg.a(lib_a-mallocr.o)
                0x020b9a48                __malloc_av_
 .data.__malloc_sbrk_base
                0x020b9e50        0x4 c:/devkitpro/devkitarm/bin/../lib/gcc/arm-none-eabi/6.3.0/../../../../arm-none-eabi/lib\libg.a(lib_a-mallocr.o)
                0x020b9e50                __malloc_sbrk_base
 .data.__malloc_trim_threshold
                0x020b9e54        0x4 c:/devkitpro/devkitarm/bin/../lib/gcc/arm-none-eabi/6.3.0/../../../../arm-none-eabi/lib\libg.a(lib_a-mallocr.o)
                0x020b9e54                __malloc_trim_threshold
 .data.__malloc_lock_object
                0x020b9e58        0xc c:/devkitpro/devkitarm/bin/../lib/gcc/arm-none-eabi/6.3.0/../../../../arm-none-eabi/lib\libg.a(lib_a-mlock.o)
 .data.__hndl_lock
                0x020b9e64        0x4 c:/devkitpro/devkitarm/bin/../lib/gcc/arm-none-eabi/6.3.0/../../../../arm-none-eabi/lib\libsysbase.a(handle_manager.o)
 .data.__stderr_handle
                0x020b9e68        0xc c:/devkitpro/devkitarm/bin/../lib/gcc/arm-none-eabi/6.3.0/../../../../arm-none-eabi/lib\libsysbase.a(handle_manager.o)
 .data.__stdin_handle
                0x020b9e74        0xc c:/devkitpro/devkitarm/bin/../lib/gcc/arm-none-eabi/6.3.0/../../../../arm-none-eabi/lib\libsysbase.a(handle_manager.o)
 .data.__stdout_handle
                0x020b9e80        0xc c:/devkitpro/devkitarm/bin/../lib/gcc/arm-none-eabi/6.3.0/../../../../arm-none-eabi/lib\libsysbase.a(handle_manager.o)
 .data.handles  0x020b9e8c     0x1000 c:/devkitpro/devkitarm/bin/../lib/gcc/arm-none-eabi/6.3.0/../../../../arm-none-eabi/lib\libsysbase.a(handle_manager.o)
 .data.defaultDevice
                0x020bae8c        0x4 c:/devkitpro/devkitarm/bin/../lib/gcc/arm-none-eabi/6.3.0/../../../../arm-none-eabi/lib\libsysbase.a(iosupport.o)
 .data.devoptab_list
                0x020bae90       0x40 c:/devkitpro/devkitarm/bin/../lib/gcc/arm-none-eabi/6.3.0/../../../../arm-none-eabi/lib\libsysbase.a(iosupport.o)
                0x020bae90                devoptab_list
 .data.__global_locale
                0x020baed0      0x16c c:/devkitpro/devkitarm/bin/../lib/gcc/arm-none-eabi/6.3.0/../../../../arm-none-eabi/lib\libg.a(lib_a-locale.o)
                0x020baed0                __global_locale
 *(EXCLUDE_FILE(*.twl*) .gnu.linkonce.d*)
                0x020bb03c                . = ALIGN (0x4)
                0x020bb03c                __data_end = ABSOLUTE (.)
                0x020bb03c                __bss_vma = .

.igot.plt       0x020bb03c        0x0
 .igot.plt      0x020bb03c        0x0 c:/devkitpro/devkitarm/bin/../lib/gcc/arm-none-eabi/6.3.0/../../../../arm-none-eabi/lib/ds_arm9_crt0.o

.tm_clone_table
                0x020bb03c        0x0
 .tm_clone_table
                0x020bb03c        0x0 c:/devkitpro/devkitarm/bin/../lib/gcc/arm-none-eabi/6.3.0/crtbegin.o
 .tm_clone_table
                0x020bb03c        0x0 c:/devkitpro/devkitarm/bin/../lib/gcc/arm-none-eabi/6.3.0/crtend.o

.dtcm           0x0b000000        0x0 load address 0x020bb03c
                0x020bb03c                __dtcm_lma = LOADADDR (.dtcm)
                0x0b000000                __dtcm_start = ABSOLUTE (.)
 *(.dtcm)
 *(.dtcm.*)
                0x0b000000                . = ALIGN (0x4)
                0x0b000000                __dtcm_end = ABSOLUTE (.)

.itcm           0x01000100      0x194 load address 0x020bb03c
                0x020bb03c                __itcm_lma = LOADADDR (.itcm)
                0x01000100                __itcm_start = ABSOLUTE (.)
 *(.itcm)
 .itcm          0x01000100       0xc8 c:/devkitPro/libnds/lib\libnds9.a(interrupts.o)
                0x01000100                irqTable
 .itcm          0x010001c8       0xcc c:/devkitPro/libnds/lib\libnds9.a(interruptDispatcher.o)
                0x010001c8                IntrMain
 *.itcm*(.text .stub .text.*)
                0x01000294                . = ALIGN (0x4)
                0x01000294                __itcm_end = ABSOLUTE (.)

.vectors        0x01000000        0x0 load address 0x020bb1d0
                0x020bb1d0                __vectors_lma = LOADADDR (.vectors)
                0x01000000                __vectors_start = ABSOLUTE (.)
 *(.vectors)
 *.vectors*(.text .stub .text.*)
                0x01000000                . = ALIGN (0x4)
                0x01000000                __vectors_end = ABSOLUTE (.)

.sbss           0x0b000000        0x0
                0x0b000000                __sbss_start = ABSOLUTE (.)
                0x0b000000                __sbss_start__ = ABSOLUTE (.)
 *(.sbss)
                0x0b000000                . = ALIGN (0x4)
                0x0b000000                __sbss_end = ABSOLUTE (.)

.bss            0x020bb03c      0xbd8
                0x020bb03c                __bss_start = ABSOLUTE (.)
                0x020bb03c                __bss_start__ = ABSOLUTE (.)
 *(EXCLUDE_FILE(*.twl*) .dynbss)
 *(EXCLUDE_FILE(*.twl*) .gnu.linkonce.b*)
 *(EXCLUDE_FILE(*.twl*) .bss*)
 .bss.completed.6497
                0x020bb03c        0x1 c:/devkitpro/devkitarm/bin/../lib/gcc/arm-none-eabi/6.3.0/crtbegin.o
 *fill*         0x020bb03d        0x3 
 .bss.object.6502
                0x020bb040       0x18 c:/devkitpro/devkitarm/bin/../lib/gcc/arm-none-eabi/6.3.0/crtbegin.o
 .bss           0x020bb058       0x70 main.o
                0x020bb058                game_level
                0x020bb05c                cement_status
                0x020bb06c                fouls
                0x020bb070                mario_position
                0x020bb074                game_over
                0x020bb078                elevator_left
                0x020bb080                elevator_right
                0x020bb088                cart_left
                0x020bb090                cart_right
                0x020bb098                mario_position_old
                0x020bb09c                dump_slt_counter
                0x020bb0a0                dump_slb_counter
                0x020bb0a4                dump_srt_counter
                0x020bb0a8                dump_srb_counter
                0x020bb0ac                game_score
                0x020bb0b0                game_score_old
                0x020bb0b4                elevator_rythm
                0x020bb0b8                elevator_switch
                0x020bb0bc                cart_rythm
                0x020bb0c0                cart_switch
                0x020bb0c4                cement_rythm
 .bss           0x020bb0c8       0x19 c:/devkitPro/libnds/lib\libmm9.a(mm_main9.o)
                0x020bb0c8                mmcbMemory
                0x020bb0cc                mmModuleCount
                0x020bb0d0                mmSampleCount
                0x020bb0d4                mmMemoryBank
                0x020bb0d4                mmModuleBank
                0x020bb0d8                mmSampleBank
                0x020bb0dc                mmCallback
                0x020bb0e0                mmActiveStatus
 *fill*         0x020bb0e1        0x3 
 .bss           0x020bb0e4       0x18 c:/devkitPro/libnds/lib\libmm9.a(mm_comms.o)
 .bss           0x020bb0fc       0x44 c:/devkitPro/libnds/lib\libmm9.a(mm_soundbank.o)
 .bss.SDcallback
                0x020bb140        0x4 c:/devkitPro/libnds/lib\libnds9.a(system.o)
 .bss.keys      0x020bb144        0x2 c:/devkitPro/libnds/lib\libnds9.a(keys.o)
 .bss.keysold   0x020bb146        0x2 c:/devkitPro/libnds/lib\libnds9.a(keys.o)
 .bss.keysrepeat
                0x020bb148        0x2 c:/devkitPro/libnds/lib\libnds9.a(keys.o)
 *fill*         0x020bb14a        0x2 
 .bss.__timeout
                0x020bb14c        0x4 c:/devkitPro/libnds/lib\libnds9.a(fifosystem.o)
 .bss.processing
                0x020bb150        0x4 c:/devkitPro/libnds/lib\libnds9.a(fifosystem.o)
                0x020bb150                processing
 .bss.__malloc_current_mallinfo
                0x020bb154       0x28 c:/devkitpro/devkitarm/bin/../lib/gcc/arm-none-eabi/6.3.0/../../../../arm-none-eabi/lib\libg.a(lib_a-mallocr.o)
                0x020bb154                __malloc_current_mallinfo
 .bss.__malloc_max_sbrked_mem
                0x020bb17c        0x4 c:/devkitpro/devkitarm/bin/../lib/gcc/arm-none-eabi/6.3.0/../../../../arm-none-eabi/lib\libg.a(lib_a-mallocr.o)
                0x020bb17c                __malloc_max_sbrked_mem
 .bss.__malloc_max_total_mem
                0x020bb180        0x4 c:/devkitpro/devkitarm/bin/../lib/gcc/arm-none-eabi/6.3.0/../../../../arm-none-eabi/lib\libg.a(lib_a-mallocr.o)
                0x020bb180                __malloc_max_total_mem
 .bss.__malloc_top_pad
                0x020bb184        0x4 c:/devkitpro/devkitarm/bin/../lib/gcc/arm-none-eabi/6.3.0/../../../../arm-none-eabi/lib\libg.a(lib_a-mallocr.o)
                0x020bb184                __malloc_top_pad
 .bss.heap_start.5804
                0x020bb188        0x4 c:/devkitpro/devkitarm/bin/../lib/gcc/arm-none-eabi/6.3.0/../../../../arm-none-eabi/lib\libsysbase.a(sbrk.o)
 .bss.fake_heap_end
                0x020bb18c        0x4 c:/devkitpro/devkitarm/bin/../lib/gcc/arm-none-eabi/6.3.0/../../../../arm-none-eabi/lib\libsysbase.a(malloc_vars.o)
                0x020bb18c                fake_heap_end
 .bss.fake_heap_start
                0x020bb190        0x4 c:/devkitpro/devkitarm/bin/../lib/gcc/arm-none-eabi/6.3.0/../../../../arm-none-eabi/lib\libsysbase.a(malloc_vars.o)
                0x020bb190                fake_heap_start
 .bss.__syscalls
                0x020bb194       0x38 c:/devkitpro/devkitarm/bin/../lib/gcc/arm-none-eabi/6.3.0/../../../../arm-none-eabi/lib\libsysbase.a(syscall_support.o)
                0x020bb194                __syscalls
 *(EXCLUDE_FILE(*.twl*) COMMON)
 COMMON         0x020bb1cc        0x1 c:/devkitPro/libnds/lib\libnds9.a(initSystem.o)
                0x020bb1cc                __dsimode
 *fill*         0x020bb1cd        0x3 
 COMMON         0x020bb1d0        0x4 c:/devkitPro/libnds/lib\libnds9.a(timeSupport.o)
                0x020bb1d0                punixTime
 COMMON         0x020bb1d4      0xa40 c:/devkitPro/libnds/lib\libnds9.a(fifosystem.o)
                0x020bb1d4                fifo_datamsg_data
                0x020bb214                fifo_buffer
                0x020bba14                fifo_value32_func
                0x020bba54                fifo_address_func
                0x020bba94                fifo_value32_data
                0x020bbad4                fifo_value32_queue
                0x020bbb14                fifo_data_queue
                0x020bbb54                fifo_address_data
                0x020bbb94                fifo_datamsg_func
                0x020bbbd4                fifo_address_queue
                0x020bbc14                . = ALIGN (0x4)
                0x020bbc14                __bss_end__ = ABSOLUTE (.)
                0x020bbc14                __end__ = ABSOLUTE (.)

.twl            0x020bbc14        0x0 load address 0x02400000
                0x02400000                __arm9i_lma__ = LOADADDR (.twl)
                0x020bbc14                __arm9i_start__ = ABSOLUTE (.)
 *(.twl)
 *.twl*(.text .stub .text.* .gnu.linkonce.t.*)
 *.twl*(.rodata)
 *.twl*(.roda)
 *.twl*(.rodata.*)
 *.twl*(.data)
 *.twl*(.data.*)
 *.twl*(.gnu.linkonce.d*)
                0x020bbc14                __arm9i_end__ = ABSOLUTE (.)

.twl_bss        0x020bbc14        0x0
                0x020bbc14                __twl_bss_start__ = ABSOLUTE (.)
 *(.twl_bss)
 *.twl*(.dynbss)
 *.twl*(.gnu.linkonce.b*)
 *.twl*(.bss*)
 *.twl*(COMMON)
                0x020bbc14                . = ALIGN (0x4)
                0x020bbc14                __twl_bss_end__ = ABSOLUTE (.)
                0x020bbc14                __twl_end__ = ABSOLUTE (.)

.stab
 *(.stab)

.stabstr
 *(.stabstr)

.stab.excl
 *(.stab.excl)

.stab.exclstr
 *(.stab.exclstr)

.stab.index
 *(.stab.index)

.stab.indexstr
 *(.stab.indexstr)

.comment        0x00000000       0x22
 *(.comment)
 .comment       0x00000000       0x22 c:/devkitpro/devkitarm/bin/../lib/gcc/arm-none-eabi/6.3.0/crtbegin.o
                                 0x23 (size before relaxing)
 .comment       0x00000022       0x23 main.o
 .comment       0x00000022       0x23 c:/devkitPro/libnds/lib\libnds9.a(video.o)
 .comment       0x00000022       0x23 c:/devkitPro/libnds/lib\libnds9.a(touch.o)
 .comment       0x00000022       0x23 c:/devkitPro/libnds/lib\libnds9.a(system.o)
 .comment       0x00000022       0x23 c:/devkitPro/libnds/lib\libnds9.a(keys.o)
 .comment       0x00000022       0x23 c:/devkitPro/libnds/lib\libnds9.a(initSystem.o)
 .comment       0x00000022       0x23 c:/devkitPro/libnds/lib\libnds9.a(timeSupport.o)
 .comment       0x00000022       0x23 c:/devkitPro/libnds/lib\libnds9.a(securearea.o)
 .comment       0x00000022       0x23 c:/devkitPro/libnds/lib\libnds9.a(interrupts.o)
 .comment       0x00000022       0x23 c:/devkitPro/libnds/lib\libnds9.a(libnds_exit.arm.o)
 .comment       0x00000022       0x23 c:/devkitPro/libnds/lib\libnds9.a(fifosystem.o)
 .comment       0x00000022       0x23 c:/devkitpro/devkitarm/bin/../lib/gcc/arm-none-eabi/6.3.0/../../../../arm-none-eabi/lib\libg.a(lib_a-fclose.o)
 .comment       0x00000022       0x23 c:/devkitpro/devkitarm/bin/../lib/gcc/arm-none-eabi/6.3.0/../../../../arm-none-eabi/lib\libg.a(lib_a-fflush.o)
 .comment       0x00000022       0x23 c:/devkitpro/devkitarm/bin/../lib/gcc/arm-none-eabi/6.3.0/../../../../arm-none-eabi/lib\libg.a(lib_a-findfp.o)
 .comment       0x00000022       0x23 c:/devkitpro/devkitarm/bin/../lib/gcc/arm-none-eabi/6.3.0/../../../../arm-none-eabi/lib\libg.a(lib_a-fopen.o)
 .comment       0x00000022       0x23 c:/devkitpro/devkitarm/bin/../lib/gcc/arm-none-eabi/6.3.0/../../../../arm-none-eabi/lib\libg.a(lib_a-fread.o)
 .comment       0x00000022       0x23 c:/devkitpro/devkitarm/bin/../lib/gcc/arm-none-eabi/6.3.0/../../../../arm-none-eabi/lib\libg.a(lib_a-freer.o)
 .comment       0x00000022       0x23 c:/devkitpro/devkitarm/bin/../lib/gcc/arm-none-eabi/6.3.0/../../../../arm-none-eabi/lib\libg.a(lib_a-fseek.o)
 .comment       0x00000022       0x23 c:/devkitpro/devkitarm/bin/../lib/gcc/arm-none-eabi/6.3.0/../../../../arm-none-eabi/lib\libg.a(lib_a-fseeko.o)
 .comment       0x00000022       0x23 c:/devkitpro/devkitarm/bin/../lib/gcc/arm-none-eabi/6.3.0/../../../../arm-none-eabi/lib\libg.a(lib_a-fwalk.o)
 .comment       0x00000022       0x23 c:/devkitpro/devkitarm/bin/../lib/gcc/arm-none-eabi/6.3.0/../../../../arm-none-eabi/lib\libg.a(lib_a-impure.o)
 .comment       0x00000022       0x23 c:/devkitpro/devkitarm/bin/../lib/gcc/arm-none-eabi/6.3.0/../../../../arm-none-eabi/lib\libg.a(lib_a-init.o)
 .comment       0x00000022       0x23 c:/devkitpro/devkitarm/bin/../lib/gcc/arm-none-eabi/6.3.0/../../../../arm-none-eabi/lib\libg.a(lib_a-makebuf.o)
 .comment       0x00000022       0x23 c:/devkitpro/devkitarm/bin/../lib/gcc/arm-none-eabi/6.3.0/../../../../arm-none-eabi/lib\libg.a(lib_a-malloc.o)
 .comment       0x00000022       0x23 c:/devkitpro/devkitarm/bin/../lib/gcc/arm-none-eabi/6.3.0/../../../../arm-none-eabi/lib\libg.a(lib_a-mallocr.o)
 .comment       0x00000022       0x23 c:/devkitpro/devkitarm/bin/../lib/gcc/arm-none-eabi/6.3.0/../../../../arm-none-eabi/lib\libg.a(lib_a-memcpy-stub.o)
 .comment       0x00000022       0x23 c:/devkitpro/devkitarm/bin/../lib/gcc/arm-none-eabi/6.3.0/../../../../arm-none-eabi/lib\libg.a(lib_a-memmove.o)
 .comment       0x00000022       0x23 c:/devkitpro/devkitarm/bin/../lib/gcc/arm-none-eabi/6.3.0/../../../../arm-none-eabi/lib\libg.a(lib_a-memset.o)
 .comment       0x00000022       0x23 c:/devkitpro/devkitarm/bin/../lib/gcc/arm-none-eabi/6.3.0/../../../../arm-none-eabi/lib\libg.a(lib_a-mlock.o)
 .comment       0x00000022       0x23 c:/devkitpro/devkitarm/bin/../lib/gcc/arm-none-eabi/6.3.0/../../../../arm-none-eabi/lib\libg.a(lib_a-rand.o)
 .comment       0x00000022       0x23 c:/devkitpro/devkitarm/bin/../lib/gcc/arm-none-eabi/6.3.0/../../../../arm-none-eabi/lib\libg.a(lib_a-refill.o)
 .comment       0x00000022       0x23 c:/devkitpro/devkitarm/bin/../lib/gcc/arm-none-eabi/6.3.0/../../../../arm-none-eabi/lib\libg.a(lib_a-stdio.o)
 .comment       0x00000022       0x23 c:/devkitpro/devkitarm/bin/../lib/gcc/arm-none-eabi/6.3.0/../../../../arm-none-eabi/lib\libg.a(lib_a-flags.o)
 .comment       0x00000022       0x23 c:/devkitpro/devkitarm/bin/../lib/gcc/arm-none-eabi/6.3.0/../../../../arm-none-eabi/lib\libsysbase.a(close.o)
 .comment       0x00000022       0x23 c:/devkitpro/devkitarm/bin/../lib/gcc/arm-none-eabi/6.3.0/../../../../arm-none-eabi/lib\libsysbase.a(fstat.o)
 .comment       0x00000022       0x23 c:/devkitpro/devkitarm/bin/../lib/gcc/arm-none-eabi/6.3.0/../../../../arm-none-eabi/lib\libsysbase.a(isatty.o)
 .comment       0x00000022       0x23 c:/devkitpro/devkitarm/bin/../lib/gcc/arm-none-eabi/6.3.0/../../../../arm-none-eabi/lib\libsysbase.a(lseek.o)
 .comment       0x00000022       0x23 c:/devkitpro/devkitarm/bin/../lib/gcc/arm-none-eabi/6.3.0/../../../../arm-none-eabi/lib\libsysbase.a(open.o)
 .comment       0x00000022       0x23 c:/devkitpro/devkitarm/bin/../lib/gcc/arm-none-eabi/6.3.0/../../../../arm-none-eabi/lib\libsysbase.a(read.o)
 .comment       0x00000022       0x23 c:/devkitpro/devkitarm/bin/../lib/gcc/arm-none-eabi/6.3.0/../../../../arm-none-eabi/lib\libsysbase.a(sbrk.o)
 .comment       0x00000022       0x23 c:/devkitpro/devkitarm/bin/../lib/gcc/arm-none-eabi/6.3.0/../../../../arm-none-eabi/lib\libsysbase.a(write.o)
 .comment       0x00000022       0x23 c:/devkitpro/devkitarm/bin/../lib/gcc/arm-none-eabi/6.3.0/../../../../arm-none-eabi/lib\libsysbase.a(malloc_vars.o)
 .comment       0x00000022       0x23 c:/devkitpro/devkitarm/bin/../lib/gcc/arm-none-eabi/6.3.0/../../../../arm-none-eabi/lib\libsysbase.a(build_argv.o)
 .comment       0x00000022       0x23 c:/devkitpro/devkitarm/bin/../lib/gcc/arm-none-eabi/6.3.0/../../../../arm-none-eabi/lib\libsysbase.a(flock.o)
 .comment       0x00000022       0x23 c:/devkitpro/devkitarm/bin/../lib/gcc/arm-none-eabi/6.3.0/../../../../arm-none-eabi/lib\libsysbase.a(syscall_support.o)
 .comment       0x00000022       0x23 c:/devkitpro/devkitarm/bin/../lib/gcc/arm-none-eabi/6.3.0/../../../../arm-none-eabi/lib\libsysbase.a(handle_manager.o)
 .comment       0x00000022       0x23 c:/devkitpro/devkitarm/bin/../lib/gcc/arm-none-eabi/6.3.0/../../../../arm-none-eabi/lib\libsysbase.a(getreent.o)
 .comment       0x00000022       0x23 c:/devkitpro/devkitarm/bin/../lib/gcc/arm-none-eabi/6.3.0/../../../../arm-none-eabi/lib\libsysbase.a(iosupport.o)
 .comment       0x00000022       0x23 c:/devkitpro/devkitarm/bin/../lib/gcc/arm-none-eabi/6.3.0/../../../../arm-none-eabi/lib\libg.a(lib_a-errno.o)
 .comment       0x00000022       0x23 c:/devkitpro/devkitarm/bin/../lib/gcc/arm-none-eabi/6.3.0/../../../../arm-none-eabi/lib\libg.a(lib_a-locale.o)
 .comment       0x00000022       0x23 c:/devkitpro/devkitarm/bin/../lib/gcc/arm-none-eabi/6.3.0/../../../../arm-none-eabi/lib\libg.a(lib_a-mbtowc_r.o)
 .comment       0x00000022       0x23 c:/devkitpro/devkitarm/bin/../lib/gcc/arm-none-eabi/6.3.0/../../../../arm-none-eabi/lib\libg.a(lib_a-strchr.o)
 .comment       0x00000022       0x23 c:/devkitpro/devkitarm/bin/../lib/gcc/arm-none-eabi/6.3.0/../../../../arm-none-eabi/lib\libg.a(lib_a-strlen-stub.o)
 .comment       0x00000022       0x23 c:/devkitpro/devkitarm/bin/../lib/gcc/arm-none-eabi/6.3.0/../../../../arm-none-eabi/lib\libg.a(lib_a-strncmp.o)
 .comment       0x00000022       0x23 c:/devkitpro/devkitarm/bin/../lib/gcc/arm-none-eabi/6.3.0/../../../../arm-none-eabi/lib\libg.a(lib_a-wctomb_r.o)
 .comment       0x00000022       0x23 c:/devkitpro/devkitarm/bin/../lib/gcc/arm-none-eabi/6.3.0/../../../../arm-none-eabi/lib\libg.a(lib_a-ctype_.o)
 .comment       0x00000022       0x23 c:/devkitpro/devkitarm/bin/../lib/gcc/arm-none-eabi/6.3.0/crtend.o

.ARM.attributes
                0x00000000       0x2d
 .ARM.attributes
                0x00000000       0x21 c:/devkitpro/devkitarm/bin/../lib/gcc/arm-none-eabi/6.3.0/../../../../arm-none-eabi/lib/ds_arm9_crt0.o
 .ARM.attributes
                0x00000021       0x16 c:/devkitpro/devkitarm/bin/../lib/gcc/arm-none-eabi/6.3.0/crti.o
 .ARM.attributes
                0x00000037       0x30 c:/devkitpro/devkitarm/bin/../lib/gcc/arm-none-eabi/6.3.0/crtbegin.o
 .ARM.attributes
                0x00000067       0x14 soundbank.bin.o
 .ARM.attributes
                0x0000007b       0x1b background.o
 .ARM.attributes
                0x00000096       0x1b cart4left.o
 .ARM.attributes
                0x000000b1       0x1b cart4right.o
 .ARM.attributes
                0x000000cc       0x1b cartempty.o
 .ARM.attributes
                0x000000e7       0x1b cartfull.o
 .ARM.attributes
                0x00000102       0x1b cement1.o
 .ARM.attributes
                0x0000011d       0x1b cement2left.o
 .ARM.attributes
                0x00000138       0x1b cement2right.o
 .ARM.attributes
                0x00000153       0x1b controls.o
 .ARM.attributes
                0x0000016e       0x1b driverhitleft.o
 .ARM.attributes
                0x00000189       0x1b driverhitright.o
 .ARM.attributes
                0x000001a4       0x1b driverleft.o
 .ARM.attributes
                0x000001bf       0x1b driverright.o
 .ARM.attributes
                0x000001da       0x1b dump1.o
 .ARM.attributes
                0x000001f5       0x1b dump2.o
 .ARM.attributes
                0x00000210       0x1b elevator.o
 .ARM.attributes
                0x0000022b       0x1b gameover.o
 .ARM.attributes
                0x00000246       0x1b handleleftdown.o
 .ARM.attributes
                0x00000261       0x1b handleleftup.o
 .ARM.attributes
                0x0000027c       0x1b handlerightdown.o
 .ARM.attributes
                0x00000297       0x1b handlerightup.o
 .ARM.attributes
                0x000002b2       0x1b history.o
 .ARM.attributes
                0x000002cd       0x1b intro.o
 .ARM.attributes
                0x000002e8       0x1b mariocrashbottom.o
 .ARM.attributes
                0x00000303       0x1b mariocrashtop.o
 .ARM.attributes
                0x0000031e       0x1b marioelevatorleft.o
 .ARM.attributes
                0x00000339       0x1b marioelevatorright.o
 .ARM.attributes
                0x00000354       0x1b mariohang.o
 .ARM.attributes
                0x0000036f       0x1b marioleft.o
 .ARM.attributes
                0x0000038a       0x1b marioright.o
 .ARM.attributes
                0x000003a5       0x1b mariosiloleftclosed.o
 .ARM.attributes
                0x000003c0       0x1b mariosiloleftopen.o
 .ARM.attributes
                0x000003db       0x1b mariosilorightclosed.o
 .ARM.attributes
                0x000003f6       0x1b mariosilorightopen.o
 .ARM.attributes
                0x00000411       0x1b miss1.o
 .ARM.attributes
                0x0000042c       0x1b miss2.o
 .ARM.attributes
                0x00000447       0x1b original.o
 .ARM.attributes
                0x00000462       0x1b overflowdriverleft.o
 .ARM.attributes
                0x0000047d       0x1b overflowdriverright.o
 .ARM.attributes
                0x00000498       0x1b overflowleft.o
 .ARM.attributes
                0x000004b3       0x1b overflowright.o
 .ARM.attributes
                0x000004ce       0x1b rscart.o
 .ARM.attributes
                0x000004e9       0x1b rscart4.o
 .ARM.attributes
                0x00000504       0x1b rscement1.o
 .ARM.attributes
                0x0000051f       0x1b rscement2left.o
 .ARM.attributes
                0x0000053a       0x1b rscement2right.o
 .ARM.attributes
                0x00000555       0x1b rsdriver.o
 .ARM.attributes
                0x00000570       0x1b rsdriverhit.o
 .ARM.attributes
                0x0000058b       0x1b rsdump1.o
 .ARM.attributes
                0x000005a6       0x1b rsdump2.o
 .ARM.attributes
                0x000005c1       0x1b rselevator.o
 .ARM.attributes
                0x000005dc       0x1b rshandledown.o
 .ARM.attributes
                0x000005f7       0x1b rshandleup.o
 .ARM.attributes
                0x00000612       0x1b rsmario.o
 .ARM.attributes
                0x0000062d       0x1b rsmariocrash.o
 .ARM.attributes
                0x00000648       0x1b rsmarioelevator.o
 .ARM.attributes
                0x00000663       0x1b rsmariohang.o
 .ARM.attributes
                0x0000067e       0x1b rsmariosilo.o
 .ARM.attributes
                0x00000699       0x1b rsoverflow.o
 .ARM.attributes
                0x000006b4       0x1b rsoverflowdriver.o
 .ARM.attributes
                0x000006cf       0x1b rsvalvecart.o
 .ARM.attributes
                0x000006ea       0x1b rsvalveclosed.o
 .ARM.attributes
                0x00000705       0x1b rsvalveopen.o
 .ARM.attributes
                0x00000720       0x1b score0.o
 .ARM.attributes
                0x0000073b       0x1b score1.o
 .ARM.attributes
                0x00000756       0x1b score2.o
 .ARM.attributes
                0x00000771       0x1b score3.o
 .ARM.attributes
                0x0000078c       0x1b score4.o
 .ARM.attributes
                0x000007a7       0x1b score5.o
 .ARM.attributes
                0x000007c2       0x1b score6.o
 .ARM.attributes
                0x000007dd       0x1b score7.o
 .ARM.attributes
                0x000007f8       0x1b score8.o
 .ARM.attributes
                0x00000813       0x1b score9.o
 .ARM.attributes
                0x0000082e       0x1b select.o
 .ARM.attributes
                0x00000849       0x1b valvecart.o
 .ARM.attributes
                0x00000864       0x1b valveclosed.o
 .ARM.attributes
                0x0000087f       0x1b valveopenleft.o
 .ARM.attributes
                0x0000089a       0x1b valveopenright.o
 .ARM.attributes
                0x000008b5       0x2b main.o
 .ARM.attributes
                0x000008e0       0x1b c:/devkitPro/libnds/lib\libmm9.a(mm_main9.o)
 .ARM.attributes
                0x000008fb       0x1b c:/devkitPro/libnds/lib\libmm9.a(mm_memory.o)
 .ARM.attributes
                0x00000916       0x1b c:/devkitPro/libnds/lib\libmm9.a(mm_comms.o)
 .ARM.attributes
                0x00000931       0x1b c:/devkitPro/libnds/lib\libmm9.a(mm_flusher.o)
 .ARM.attributes
                0x0000094c       0x1b c:/devkitPro/libnds/lib\libmm9.a(mm_soundbank.o)
 .ARM.attributes
                0x00000967       0x2b c:/devkitPro/libnds/lib\libnds9.a(video.o)
 .ARM.attributes
                0x00000992       0x2b c:/devkitPro/libnds/lib\libnds9.a(touch.o)
 .ARM.attributes
                0x000009bd       0x2b c:/devkitPro/libnds/lib\libnds9.a(system.o)
 .ARM.attributes
                0x000009e8       0x2b c:/devkitPro/libnds/lib\libnds9.a(keys.o)
 .ARM.attributes
                0x00000a13       0x2b c:/devkitPro/libnds/lib\libnds9.a(initSystem.o)
 .ARM.attributes
                0x00000a3e       0x2b c:/devkitPro/libnds/lib\libnds9.a(timeSupport.o)
 .ARM.attributes
                0x00000a69       0x2b c:/devkitPro/libnds/lib\libnds9.a(securearea.o)
 .ARM.attributes
                0x00000a94       0x2b c:/devkitPro/libnds/lib\libnds9.a(interrupts.o)
 .ARM.attributes
                0x00000abf       0x2b c:/devkitPro/libnds/lib\libnds9.a(libnds_exit.arm.o)
 .ARM.attributes
                0x00000aea       0x2b c:/devkitPro/libnds/lib\libnds9.a(fifosystem.o)
 .ARM.attributes
                0x00000b15       0x21 c:/devkitPro/libnds/lib\libnds9.a(mpu_setup.o)
 .ARM.attributes
                0x00000b36       0x21 c:/devkitPro/libnds/lib\libnds9.a(IntrWait.o)
 .ARM.attributes
                0x00000b57       0x21 c:/devkitPro/libnds/lib\libnds9.a(cpu_clock.o)
 .ARM.attributes
                0x00000b78       0x1b c:/devkitPro/libnds/lib\libnds9.a(interruptDispatcher.o)
 .ARM.attributes
                0x00000b93       0x21 c:/devkitPro/libnds/lib\libnds9.a(swiSoftReset.o)
 .ARM.attributes
                0x00000bb4       0x1b c:/devkitPro/libnds/lib\libnds9.a(biosCalls.o)
 .ARM.attributes
                0x00000bcf       0x18 c:/devkitpro/devkitarm/bin/../lib/gcc/arm-none-eabi/6.3.0\libgcc.a(_divsi3.o)
 .ARM.attributes
                0x00000be7       0x18 c:/devkitpro/devkitarm/bin/../lib/gcc/arm-none-eabi/6.3.0\libgcc.a(_dvmd_tls.o)
 .ARM.attributes
                0x00000bff       0x30 c:/devkitpro/devkitarm/bin/../lib/gcc/arm-none-eabi/6.3.0/../../../../arm-none-eabi/lib\libg.a(lib_a-fclose.o)
 .ARM.attributes
                0x00000c2f       0x30 c:/devkitpro/devkitarm/bin/../lib/gcc/arm-none-eabi/6.3.0/../../../../arm-none-eabi/lib\libg.a(lib_a-fflush.o)
 .ARM.attributes
                0x00000c5f       0x30 c:/devkitpro/devkitarm/bin/../lib/gcc/arm-none-eabi/6.3.0/../../../../arm-none-eabi/lib\libg.a(lib_a-findfp.o)
 .ARM.attributes
                0x00000c8f       0x30 c:/devkitpro/devkitarm/bin/../lib/gcc/arm-none-eabi/6.3.0/../../../../arm-none-eabi/lib\libg.a(lib_a-fopen.o)
 .ARM.attributes
                0x00000cbf       0x30 c:/devkitpro/devkitarm/bin/../lib/gcc/arm-none-eabi/6.3.0/../../../../arm-none-eabi/lib\libg.a(lib_a-fread.o)
 .ARM.attributes
                0x00000cef       0x30 c:/devkitpro/devkitarm/bin/../lib/gcc/arm-none-eabi/6.3.0/../../../../arm-none-eabi/lib\libg.a(lib_a-freer.o)
 .ARM.attributes
                0x00000d1f       0x30 c:/devkitpro/devkitarm/bin/../lib/gcc/arm-none-eabi/6.3.0/../../../../arm-none-eabi/lib\libg.a(lib_a-fseek.o)
 .ARM.attributes
                0x00000d4f       0x30 c:/devkitpro/devkitarm/bin/../lib/gcc/arm-none-eabi/6.3.0/../../../../arm-none-eabi/lib\libg.a(lib_a-fseeko.o)
 .ARM.attributes
                0x00000d7f       0x30 c:/devkitpro/devkitarm/bin/../lib/gcc/arm-none-eabi/6.3.0/../../../../arm-none-eabi/lib\libg.a(lib_a-fwalk.o)
 .ARM.attributes
                0x00000daf       0x30 c:/devkitpro/devkitarm/bin/../lib/gcc/arm-none-eabi/6.3.0/../../../../arm-none-eabi/lib\libg.a(lib_a-impure.o)
 .ARM.attributes
                0x00000ddf       0x30 c:/devkitpro/devkitarm/bin/../lib/gcc/arm-none-eabi/6.3.0/../../../../arm-none-eabi/lib\libg.a(lib_a-init.o)
 .ARM.attributes
                0x00000e0f       0x30 c:/devkitpro/devkitarm/bin/../lib/gcc/arm-none-eabi/6.3.0/../../../../arm-none-eabi/lib\libg.a(lib_a-makebuf.o)
 .ARM.attributes
                0x00000e3f       0x30 c:/devkitpro/devkitarm/bin/../lib/gcc/arm-none-eabi/6.3.0/../../../../arm-none-eabi/lib\libg.a(lib_a-malloc.o)
 .ARM.attributes
                0x00000e6f       0x30 c:/devkitpro/devkitarm/bin/../lib/gcc/arm-none-eabi/6.3.0/../../../../arm-none-eabi/lib\libg.a(lib_a-mallocr.o)
 .ARM.attributes
                0x00000e9f       0x30 c:/devkitpro/devkitarm/bin/../lib/gcc/arm-none-eabi/6.3.0/../../../../arm-none-eabi/lib\libg.a(lib_a-memcpy-stub.o)
 .ARM.attributes
                0x00000ecf       0x30 c:/devkitpro/devkitarm/bin/../lib/gcc/arm-none-eabi/6.3.0/../../../../arm-none-eabi/lib\libg.a(lib_a-memmove.o)
 .ARM.attributes
                0x00000eff       0x30 c:/devkitpro/devkitarm/bin/../lib/gcc/arm-none-eabi/6.3.0/../../../../arm-none-eabi/lib\libg.a(lib_a-memset.o)
 .ARM.attributes
                0x00000f2f       0x30 c:/devkitpro/devkitarm/bin/../lib/gcc/arm-none-eabi/6.3.0/../../../../arm-none-eabi/lib\libg.a(lib_a-mlock.o)
 .ARM.attributes
                0x00000f5f       0x30 c:/devkitpro/devkitarm/bin/../lib/gcc/arm-none-eabi/6.3.0/../../../../arm-none-eabi/lib\libg.a(lib_a-rand.o)
 .ARM.attributes
                0x00000f8f       0x30 c:/devkitpro/devkitarm/bin/../lib/gcc/arm-none-eabi/6.3.0/../../../../arm-none-eabi/lib\libg.a(lib_a-refill.o)
 .ARM.attributes
                0x00000fbf       0x30 c:/devkitpro/devkitarm/bin/../lib/gcc/arm-none-eabi/6.3.0/../../../../arm-none-eabi/lib\libg.a(lib_a-stdio.o)
 .ARM.attributes
                0x00000fef       0x30 c:/devkitpro/devkitarm/bin/../lib/gcc/arm-none-eabi/6.3.0/../../../../arm-none-eabi/lib\libg.a(lib_a-flags.o)
 .ARM.attributes
                0x0000101f       0x30 c:/devkitpro/devkitarm/bin/../lib/gcc/arm-none-eabi/6.3.0/../../../../arm-none-eabi/lib\libsysbase.a(close.o)
 .ARM.attributes
                0x0000104f       0x30 c:/devkitpro/devkitarm/bin/../lib/gcc/arm-none-eabi/6.3.0/../../../../arm-none-eabi/lib\libsysbase.a(fstat.o)
 .ARM.attributes
                0x0000107f       0x30 c:/devkitpro/devkitarm/bin/../lib/gcc/arm-none-eabi/6.3.0/../../../../arm-none-eabi/lib\libsysbase.a(isatty.o)
 .ARM.attributes
                0x000010af       0x30 c:/devkitpro/devkitarm/bin/../lib/gcc/arm-none-eabi/6.3.0/../../../../arm-none-eabi/lib\libsysbase.a(lseek.o)
 .ARM.attributes
                0x000010df       0x30 c:/devkitpro/devkitarm/bin/../lib/gcc/arm-none-eabi/6.3.0/../../../../arm-none-eabi/lib\libsysbase.a(open.o)
 .ARM.attributes
                0x0000110f       0x30 c:/devkitpro/devkitarm/bin/../lib/gcc/arm-none-eabi/6.3.0/../../../../arm-none-eabi/lib\libsysbase.a(read.o)
 .ARM.attributes
                0x0000113f       0x30 c:/devkitpro/devkitarm/bin/../lib/gcc/arm-none-eabi/6.3.0/../../../../arm-none-eabi/lib\libsysbase.a(sbrk.o)
 .ARM.attributes
                0x0000116f       0x30 c:/devkitpro/devkitarm/bin/../lib/gcc/arm-none-eabi/6.3.0/../../../../arm-none-eabi/lib\libsysbase.a(write.o)
 .ARM.attributes
                0x0000119f       0x30 c:/devkitpro/devkitarm/bin/../lib/gcc/arm-none-eabi/6.3.0/../../../../arm-none-eabi/lib\libsysbase.a(malloc_vars.o)
 .ARM.attributes
                0x000011cf       0x30 c:/devkitpro/devkitarm/bin/../lib/gcc/arm-none-eabi/6.3.0/../../../../arm-none-eabi/lib\libsysbase.a(build_argv.o)
 .ARM.attributes
                0x000011ff       0x30 c:/devkitpro/devkitarm/bin/../lib/gcc/arm-none-eabi/6.3.0/../../../../arm-none-eabi/lib\libsysbase.a(flock.o)
 .ARM.attributes
                0x0000122f       0x30 c:/devkitpro/devkitarm/bin/../lib/gcc/arm-none-eabi/6.3.0/../../../../arm-none-eabi/lib\libsysbase.a(syscall_support.o)
 .ARM.attributes
                0x0000125f       0x30 c:/devkitpro/devkitarm/bin/../lib/gcc/arm-none-eabi/6.3.0/../../../../arm-none-eabi/lib\libsysbase.a(handle_manager.o)
 .ARM.attributes
                0x0000128f       0x30 c:/devkitpro/devkitarm/bin/../lib/gcc/arm-none-eabi/6.3.0/../../../../arm-none-eabi/lib\libsysbase.a(getreent.o)
 .ARM.attributes
                0x000012bf       0x30 c:/devkitpro/devkitarm/bin/../lib/gcc/arm-none-eabi/6.3.0/../../../../arm-none-eabi/lib\libsysbase.a(iosupport.o)
 .ARM.attributes
                0x000012ef       0x18 c:/devkitpro/devkitarm/bin/../lib/gcc/arm-none-eabi/6.3.0\libgcc.a(_udivsi3.o)
 .ARM.attributes
                0x00001307       0x30 c:/devkitpro/devkitarm/bin/../lib/gcc/arm-none-eabi/6.3.0/../../../../arm-none-eabi/lib\libg.a(lib_a-errno.o)
 .ARM.attributes
                0x00001337       0x30 c:/devkitpro/devkitarm/bin/../lib/gcc/arm-none-eabi/6.3.0/../../../../arm-none-eabi/lib\libg.a(lib_a-locale.o)
 .ARM.attributes
                0x00001367       0x30 c:/devkitpro/devkitarm/bin/../lib/gcc/arm-none-eabi/6.3.0/../../../../arm-none-eabi/lib\libg.a(lib_a-mbtowc_r.o)
 .ARM.attributes
                0x00001397       0x30 c:/devkitpro/devkitarm/bin/../lib/gcc/arm-none-eabi/6.3.0/../../../../arm-none-eabi/lib\libg.a(lib_a-strchr.o)
 .ARM.attributes
                0x000013c7       0x30 c:/devkitpro/devkitarm/bin/../lib/gcc/arm-none-eabi/6.3.0/../../../../arm-none-eabi/lib\libg.a(lib_a-strlen-stub.o)
 .ARM.attributes
                0x000013f7       0x30 c:/devkitpro/devkitarm/bin/../lib/gcc/arm-none-eabi/6.3.0/../../../../arm-none-eabi/lib\libg.a(lib_a-strncmp.o)
 .ARM.attributes
                0x00001427       0x30 c:/devkitpro/devkitarm/bin/../lib/gcc/arm-none-eabi/6.3.0/../../../../arm-none-eabi/lib\libg.a(lib_a-wctomb_r.o)
 .ARM.attributes
                0x00001457       0x30 c:/devkitpro/devkitarm/bin/../lib/gcc/arm-none-eabi/6.3.0/../../../../arm-none-eabi/lib\libg.a(lib_a-ctype_.o)
 .ARM.attributes
                0x00001487       0x30 c:/devkitpro/devkitarm/bin/../lib/gcc/arm-none-eabi/6.3.0/crtend.o
 .ARM.attributes
                0x000014b7       0x18 c:/devkitpro/devkitarm/bin/../lib/gcc/arm-none-eabi/6.3.0/crtn.o

.debug
 *(.debug)

.line
 *(.line)

.debug_srcinfo
 *(.debug_srcinfo)

.debug_sfnames
 *(.debug_sfnames)

.debug_aranges  0x00000000      0x450
 *(.debug_aranges)
 .debug_aranges
                0x00000000       0x28 main.o
 .debug_aranges
                0x00000028       0x48 c:/devkitPro/libnds/lib\libnds9.a(video.o)
 .debug_aranges
                0x00000070       0x28 c:/devkitPro/libnds/lib\libnds9.a(touch.o)
 .debug_aranges
                0x00000098       0x58 c:/devkitPro/libnds/lib\libnds9.a(system.o)
 .debug_aranges
                0x000000f0       0x50 c:/devkitPro/libnds/lib\libnds9.a(keys.o)
 .debug_aranges
                0x00000140       0x20 c:/devkitPro/libnds/lib\libnds9.a(initSystem.o)
 .debug_aranges
                0x00000160       0x20 c:/devkitPro/libnds/lib\libnds9.a(timeSupport.o)
 .debug_aranges
                0x00000180       0x18 c:/devkitPro/libnds/lib\libnds9.a(securearea.o)
 .debug_aranges
                0x00000198       0x50 c:/devkitPro/libnds/lib\libnds9.a(interrupts.o)
 .debug_aranges
                0x000001e8       0x28 c:/devkitPro/libnds/lib\libnds9.a(libnds_exit.arm.o)
 .debug_aranges
                0x00000210       0xc0 c:/devkitPro/libnds/lib\libnds9.a(fifosystem.o)
 .debug_aranges
                0x000002d0       0x30 c:/devkitPro/libnds/lib\libnds9.a(mpu_setup.o)
 .debug_aranges
                0x00000300       0x28 c:/devkitPro/libnds/lib\libnds9.a(IntrWait.o)
 .debug_aranges
                0x00000328       0x20 c:/devkitPro/libnds/lib\libnds9.a(cpu_clock.o)
 .debug_aranges
                0x00000348       0x20 c:/devkitPro/libnds/lib\libnds9.a(interruptDispatcher.o)
 .debug_aranges
                0x00000368       0x20 c:/devkitPro/libnds/lib\libnds9.a(swiSoftReset.o)
 .debug_aranges
                0x00000388       0xc8 c:/devkitPro/libnds/lib\libnds9.a(biosCalls.o)

.debug_pubnames
 *(.debug_pubnames)

.debug_info     0x00000000    0x191a2
 *(.debug_info)
 .debug_info    0x00000000    0x1013a main.o
 .debug_info    0x0001013a      0x740 c:/devkitPro/libnds/lib\libnds9.a(video.o)
 .debug_info    0x0001087a      0xc62 c:/devkitPro/libnds/lib\libnds9.a(touch.o)
 .debug_info    0x000114dc     0x125b c:/devkitPro/libnds/lib\libnds9.a(system.o)
 .debug_info    0x00012737      0xd37 c:/devkitPro/libnds/lib\libnds9.a(keys.o)
 .debug_info    0x0001346e     0x1c22 c:/devkitPro/libnds/lib\libnds9.a(initSystem.o)
 .debug_info    0x00015090      0xa12 c:/devkitPro/libnds/lib\libnds9.a(timeSupport.o)
 .debug_info    0x00015aa2       0x54 c:/devkitPro/libnds/lib\libnds9.a(securearea.o)
 .debug_info    0x00015af6      0x669 c:/devkitPro/libnds/lib\libnds9.a(interrupts.o)
 .debug_info    0x0001615f      0xc56 c:/devkitPro/libnds/lib\libnds9.a(libnds_exit.arm.o)
 .debug_info    0x00016db5     0x1f70 c:/devkitPro/libnds/lib\libnds9.a(fifosystem.o)
 .debug_info    0x00018d25       0xbe c:/devkitPro/libnds/lib\libnds9.a(mpu_setup.o)
 .debug_info    0x00018de3       0xbd c:/devkitPro/libnds/lib\libnds9.a(IntrWait.o)
 .debug_info    0x00018ea0       0xc2 c:/devkitPro/libnds/lib\libnds9.a(cpu_clock.o)
 .debug_info    0x00018f62       0xc7 c:/devkitPro/libnds/lib\libnds9.a(interruptDispatcher.o)
 .debug_info    0x00019029       0xc0 c:/devkitPro/libnds/lib\libnds9.a(swiSoftReset.o)
 .debug_info    0x000190e9       0xb9 c:/devkitPro/libnds/lib\libnds9.a(biosCalls.o)

.debug_abbrev   0x00000000     0x1fc1
 *(.debug_abbrev)
 .debug_abbrev  0x00000000      0x60b main.o
 .debug_abbrev  0x0000060b      0x1e4 c:/devkitPro/libnds/lib\libnds9.a(video.o)
 .debug_abbrev  0x000007ef      0x231 c:/devkitPro/libnds/lib\libnds9.a(touch.o)
 .debug_abbrev  0x00000a20      0x314 c:/devkitPro/libnds/lib\libnds9.a(system.o)
 .debug_abbrev  0x00000d34      0x282 c:/devkitPro/libnds/lib\libnds9.a(keys.o)
 .debug_abbrev  0x00000fb6      0x356 c:/devkitPro/libnds/lib\libnds9.a(initSystem.o)
 .debug_abbrev  0x0000130c      0x1da c:/devkitPro/libnds/lib\libnds9.a(timeSupport.o)
 .debug_abbrev  0x000014e6       0x43 c:/devkitPro/libnds/lib\libnds9.a(securearea.o)
 .debug_abbrev  0x00001529      0x288 c:/devkitPro/libnds/lib\libnds9.a(interrupts.o)
 .debug_abbrev  0x000017b1      0x287 c:/devkitPro/libnds/lib\libnds9.a(libnds_exit.arm.o)
 .debug_abbrev  0x00001a38      0x517 c:/devkitPro/libnds/lib\libnds9.a(fifosystem.o)
 .debug_abbrev  0x00001f4f       0x12 c:/devkitPro/libnds/lib\libnds9.a(mpu_setup.o)
 .debug_abbrev  0x00001f61       0x12 c:/devkitPro/libnds/lib\libnds9.a(IntrWait.o)
 .debug_abbrev  0x00001f73       0x14 c:/devkitPro/libnds/lib\libnds9.a(cpu_clock.o)
 .debug_abbrev  0x00001f87       0x14 c:/devkitPro/libnds/lib\libnds9.a(interruptDispatcher.o)
 .debug_abbrev  0x00001f9b       0x14 c:/devkitPro/libnds/lib\libnds9.a(swiSoftReset.o)
 .debug_abbrev  0x00001faf       0x12 c:/devkitPro/libnds/lib\libnds9.a(biosCalls.o)

.debug_line     0x00000000     0x5b54
 *(.debug_line)
 .debug_line    0x00000000     0x359a main.o
 .debug_line    0x0000359a      0x29d c:/devkitPro/libnds/lib\libnds9.a(video.o)
 .debug_line    0x00003837      0x2cc c:/devkitPro/libnds/lib\libnds9.a(touch.o)
 .debug_line    0x00003b03      0x397 c:/devkitPro/libnds/lib\libnds9.a(system.o)
 .debug_line    0x00003e9a      0x32f c:/devkitPro/libnds/lib\libnds9.a(keys.o)
 .debug_line    0x000041c9      0x3b5 c:/devkitPro/libnds/lib\libnds9.a(initSystem.o)
 .debug_line    0x0000457e      0x1e3 c:/devkitPro/libnds/lib\libnds9.a(timeSupport.o)
 .debug_line    0x00004761       0x7c c:/devkitPro/libnds/lib\libnds9.a(securearea.o)
 .debug_line    0x000047dd      0x2e3 c:/devkitPro/libnds/lib\libnds9.a(interrupts.o)
 .debug_line    0x00004ac0      0x26c c:/devkitPro/libnds/lib\libnds9.a(libnds_exit.arm.o)
 .debug_line    0x00004d2c      0x869 c:/devkitPro/libnds/lib\libnds9.a(fifosystem.o)
 .debug_line    0x00005595      0x129 c:/devkitPro/libnds/lib\libnds9.a(mpu_setup.o)
 .debug_line    0x000056be       0xb1 c:/devkitPro/libnds/lib\libnds9.a(IntrWait.o)
 .debug_line    0x0000576f       0x9d c:/devkitPro/libnds/lib\libnds9.a(cpu_clock.o)
 .debug_line    0x0000580c       0xc6 c:/devkitPro/libnds/lib\libnds9.a(interruptDispatcher.o)
 .debug_line    0x000058d2       0x96 c:/devkitPro/libnds/lib\libnds9.a(swiSoftReset.o)
 .debug_line    0x00005968      0x1ec c:/devkitPro/libnds/lib\libnds9.a(biosCalls.o)

.debug_frame    0x00000000      0xa18
 *(.debug_frame)
 .debug_frame   0x00000000      0x408 main.o
 .debug_frame   0x00000408       0xb8 c:/devkitPro/libnds/lib\libnds9.a(video.o)
 .debug_frame   0x000004c0       0x3c c:/devkitPro/libnds/lib\libnds9.a(touch.o)
 .debug_frame   0x000004fc       0xc8 c:/devkitPro/libnds/lib\libnds9.a(system.o)
 .debug_frame   0x000005c4       0x8c c:/devkitPro/libnds/lib\libnds9.a(keys.o)
 .debug_frame   0x00000650       0x28 c:/devkitPro/libnds/lib\libnds9.a(initSystem.o)
 .debug_frame   0x00000678       0x20 c:/devkitPro/libnds/lib\libnds9.a(timeSupport.o)
 .debug_frame   0x00000698       0xa4 c:/devkitPro/libnds/lib\libnds9.a(interrupts.o)
 .debug_frame   0x0000073c       0x3c c:/devkitPro/libnds/lib\libnds9.a(libnds_exit.arm.o)
 .debug_frame   0x00000778      0x2a0 c:/devkitPro/libnds/lib\libnds9.a(fifosystem.o)

.debug_str      0x00000000     0x40e0
 *(.debug_str)
 .debug_str     0x00000000     0x276e main.o
                               0x2a25 (size before relaxing)
 .debug_str     0x0000276e      0x5c9 c:/devkitPro/libnds/lib\libnds9.a(video.o)
                                0xc11 (size before relaxing)
 .debug_str     0x00002d37      0x14d c:/devkitPro/libnds/lib\libnds9.a(touch.o)
                                0x7cf (size before relaxing)
 .debug_str     0x00002e84      0x432 c:/devkitPro/libnds/lib\libnds9.a(system.o)
                                0xbd5 (size before relaxing)
 .debug_str     0x000032b6       0xb4 c:/devkitPro/libnds/lib\libnds9.a(keys.o)
                                0x856 (size before relaxing)
 .debug_str     0x0000336a      0x582 c:/devkitPro/libnds/lib\libnds9.a(initSystem.o)